[2023-06-12T13:29:21.687+0000][gc,heap] Heap region size: 1M
[2023-06-12T13:29:21.706+0000][gc     ] Using G1
[2023-06-12T13:29:21.706+0000][gc,heap,coops] Heap address: 0x00000000c0000000, size: 1024 MB, Compressed Oops mode: 32-bit
[2023-06-12T13:29:22.261+0000][gc,start     ] GC(0) Pause Young (Normal) (G1 Evacuation Pause)
[2023-06-12T13:29:22.262+0000][gc,task      ] GC(0) Using 13 workers of 13 for evacuation
[2023-06-12T13:29:22.337+0000][gc,mmu       ] GC(0) MMU target violated: 21.0ms (20.0ms/21.0ms)
[2023-06-12T13:29:22.337+0000][gc,phases    ] GC(0)   Pre Evacuate Collection Set: 0.0ms
[2023-06-12T13:29:22.337+0000][gc,phases    ] GC(0)   Evacuate Collection Set: 74.1ms
[2023-06-12T13:29:22.337+0000][gc,phases    ] GC(0)   Post Evacuate Collection Set: 0.9ms
[2023-06-12T13:29:22.337+0000][gc,phases    ] GC(0)   Other: 1.6ms
[2023-06-12T13:29:22.337+0000][gc,heap      ] GC(0) Eden regions: 51->0(44)
[2023-06-12T13:29:22.337+0000][gc,heap      ] GC(0) Survivor regions: 0->7(7)
[2023-06-12T13:29:22.338+0000][gc,heap      ] GC(0) Old regions: 0->21
[2023-06-12T13:29:22.338+0000][gc,heap      ] GC(0) Humongous regions: 5->4
[2023-06-12T13:29:22.338+0000][gc,metaspace ] GC(0) Metaspace: 12968K->12968K(1060864K)
[2023-06-12T13:29:22.338+0000][gc           ] GC(0) Pause Young (Normal) (G1 Evacuation Pause) 56M->31M(1024M) 76.813ms
[2023-06-12T13:29:22.338+0000][gc,cpu       ] GC(0) User=0.15s Sys=0.88s Real=0.08s
[2023-06-12T13:29:22.649+0000][gc,start     ] GC(1) Pause Young (Concurrent Start) (Metadata GC Threshold)
[2023-06-12T13:29:22.649+0000][gc,task      ] GC(1) Using 13 workers of 13 for evacuation
[2023-06-12T13:29:22.655+0000][gc,phases    ] GC(1)   Pre Evacuate Collection Set: 0.1ms
[2023-06-12T13:29:22.655+0000][gc,phases    ] GC(1)   Evacuate Collection Set: 5.1ms
[2023-06-12T13:29:22.655+0000][gc,phases    ] GC(1)   Post Evacuate Collection Set: 0.5ms
[2023-06-12T13:29:22.655+0000][gc,phases    ] GC(1)   Other: 0.4ms
[2023-06-12T13:29:22.655+0000][gc,heap      ] GC(1) Eden regions: 33->0(49)
[2023-06-12T13:29:22.655+0000][gc,heap      ] GC(1) Survivor regions: 7->2(7)
[2023-06-12T13:29:22.655+0000][gc,heap      ] GC(1) Old regions: 21->28
[2023-06-12T13:29:22.655+0000][gc,heap      ] GC(1) Humongous regions: 4->4
[2023-06-12T13:29:22.655+0000][gc,metaspace ] GC(1) Metaspace: 20628K->20628K(1069056K)
[2023-06-12T13:29:22.655+0000][gc           ] GC(1) Pause Young (Concurrent Start) (Metadata GC Threshold) 63M->32M(1024M) 6.208ms
[2023-06-12T13:29:22.655+0000][gc,cpu       ] GC(1) User=0.03s Sys=0.00s Real=0.01s
[2023-06-12T13:29:22.655+0000][gc           ] GC(2) Concurrent Cycle
[2023-06-12T13:29:22.655+0000][gc,marking   ] GC(2) Concurrent Clear Claimed Marks
[2023-06-12T13:29:22.655+0000][gc,marking   ] GC(2) Concurrent Clear Claimed Marks 0.036ms
[2023-06-12T13:29:22.655+0000][gc,marking   ] GC(2) Concurrent Scan Root Regions
[2023-06-12T13:29:22.656+0000][gc,marking   ] GC(2) Concurrent Scan Root Regions 1.111ms
[2023-06-12T13:29:22.656+0000][gc,marking   ] GC(2) Concurrent Mark (0.975s)
[2023-06-12T13:29:22.656+0000][gc,marking   ] GC(2) Concurrent Mark From Roots
[2023-06-12T13:29:22.657+0000][gc,task      ] GC(2) Using 3 workers of 3 for marking
[2023-06-12T13:29:22.662+0000][gc,marking   ] GC(2) Concurrent Mark From Roots 5.598ms
[2023-06-12T13:29:22.662+0000][gc,marking   ] GC(2) Concurrent Preclean
[2023-06-12T13:29:22.662+0000][gc,marking   ] GC(2) Concurrent Preclean 0.290ms
[2023-06-12T13:29:22.662+0000][gc,marking   ] GC(2) Concurrent Mark (0.975s, 0.981s) 5.986ms
[2023-06-12T13:29:22.663+0000][gc,start     ] GC(2) Pause Remark
[2023-06-12T13:29:22.665+0000][gc,stringtable] GC(2) Cleaned string and symbol table, strings: 7619 processed, 0 removed, symbols: 65341 processed, 15 removed
[2023-06-12T13:29:22.666+0000][gc            ] GC(2) Pause Remark 34M->34M(1024M) 2.768ms
[2023-06-12T13:29:22.666+0000][gc,cpu        ] GC(2) User=0.02s Sys=0.00s Real=0.01s
[2023-06-12T13:29:22.666+0000][gc,marking    ] GC(2) Concurrent Rebuild Remembered Sets
[2023-06-12T13:29:22.669+0000][gc,marking    ] GC(2) Concurrent Rebuild Remembered Sets 3.628ms
[2023-06-12T13:29:22.670+0000][gc,start      ] GC(2) Pause Cleanup
[2023-06-12T13:29:22.670+0000][gc            ] GC(2) Pause Cleanup 35M->35M(1024M) 0.260ms
[2023-06-12T13:29:22.670+0000][gc,cpu        ] GC(2) User=0.00s Sys=0.00s Real=0.00s
[2023-06-12T13:29:22.670+0000][gc,marking    ] GC(2) Concurrent Cleanup for Next Mark
[2023-06-12T13:29:22.673+0000][gc,marking    ] GC(2) Concurrent Cleanup for Next Mark 2.492ms
[2023-06-12T13:29:22.673+0000][gc            ] GC(2) Concurrent Cycle 17.377ms
[2023-06-12T13:29:23.030+0000][gc,start      ] GC(3) Pause Young (Normal) (G1 Evacuation Pause)
[2023-06-12T13:29:23.030+0000][gc,task       ] GC(3) Using 13 workers of 13 for evacuation
[2023-06-12T13:29:23.032+0000][gc,phases     ] GC(3)   Pre Evacuate Collection Set: 0.0ms
[2023-06-12T13:29:23.032+0000][gc,phases     ] GC(3)   Evacuate Collection Set: 2.0ms
[2023-06-12T13:29:23.032+0000][gc,phases     ] GC(3)   Post Evacuate Collection Set: 0.4ms
[2023-06-12T13:29:23.032+0000][gc,phases     ] GC(3)   Other: 0.3ms
[2023-06-12T13:29:23.032+0000][gc,heap       ] GC(3) Eden regions: 49->0(48)
[2023-06-12T13:29:23.032+0000][gc,heap       ] GC(3) Survivor regions: 2->3(7)
[2023-06-12T13:29:23.032+0000][gc,heap       ] GC(3) Old regions: 28->28
[2023-06-12T13:29:23.032+0000][gc,heap       ] GC(3) Humongous regions: 4->4
[2023-06-12T13:29:23.032+0000][gc,metaspace  ] GC(3) Metaspace: 31275K->31275K(1077248K)
[2023-06-12T13:29:23.032+0000][gc            ] GC(3) Pause Young (Normal) (G1 Evacuation Pause) 81M->34M(1024M) 2.848ms
[2023-06-12T13:29:23.032+0000][gc,cpu        ] GC(3) User=0.02s Sys=0.00s Real=0.00s
[2023-06-12T13:29:23.363+0000][gc,start      ] GC(4) Pause Young (Concurrent Start) (Metadata GC Threshold)
[2023-06-12T13:29:23.363+0000][gc,task       ] GC(4) Using 13 workers of 13 for evacuation
[2023-06-12T13:29:23.367+0000][gc,phases     ] GC(4)   Pre Evacuate Collection Set: 0.1ms
[2023-06-12T13:29:23.367+0000][gc,phases     ] GC(4)   Evacuate Collection Set: 3.0ms
[2023-06-12T13:29:23.367+0000][gc,phases     ] GC(4)   Post Evacuate Collection Set: 0.3ms
[2023-06-12T13:29:23.367+0000][gc,phases     ] GC(4)   Other: 0.2ms
[2023-06-12T13:29:23.367+0000][gc,heap       ] GC(4) Eden regions: 19->0(47)
[2023-06-12T13:29:23.367+0000][gc,heap       ] GC(4) Survivor regions: 3->4(7)
[2023-06-12T13:29:23.367+0000][gc,heap       ] GC(4) Old regions: 28->28
[2023-06-12T13:29:23.367+0000][gc,heap       ] GC(4) Humongous regions: 4->4
[2023-06-12T13:29:23.367+0000][gc,metaspace  ] GC(4) Metaspace: 35191K->35191K(1081344K)
[2023-06-12T13:29:23.367+0000][gc            ] GC(4) Pause Young (Concurrent Start) (Metadata GC Threshold) 52M->34M(1024M) 3.787ms
[2023-06-12T13:29:23.367+0000][gc,cpu        ] GC(4) User=0.03s Sys=0.01s Real=0.01s
[2023-06-12T13:29:23.367+0000][gc            ] GC(5) Concurrent Cycle
[2023-06-12T13:29:23.367+0000][gc,marking    ] GC(5) Concurrent Clear Claimed Marks
[2023-06-12T13:29:23.367+0000][gc,marking    ] GC(5) Concurrent Clear Claimed Marks 0.085ms
[2023-06-12T13:29:23.367+0000][gc,marking    ] GC(5) Concurrent Scan Root Regions
[2023-06-12T13:29:23.369+0000][gc,marking    ] GC(5) Concurrent Scan Root Regions 1.195ms
[2023-06-12T13:29:23.369+0000][gc,marking    ] GC(5) Concurrent Mark (1.687s)
[2023-06-12T13:29:23.369+0000][gc,marking    ] GC(5) Concurrent Mark From Roots
[2023-06-12T13:29:23.369+0000][gc,task       ] GC(5) Using 3 workers of 3 for marking
[2023-06-12T13:29:23.373+0000][gc,marking    ] GC(5) Concurrent Mark From Roots 4.434ms
[2023-06-12T13:29:23.373+0000][gc,marking    ] GC(5) Concurrent Preclean
[2023-06-12T13:29:23.373+0000][gc,marking    ] GC(5) Concurrent Preclean 0.195ms
[2023-06-12T13:29:23.373+0000][gc,marking    ] GC(5) Concurrent Mark (1.687s, 1.692s) 4.718ms
[2023-06-12T13:29:23.373+0000][gc,start      ] GC(5) Pause Remark
[2023-06-12T13:29:23.376+0000][gc,stringtable] GC(5) Cleaned string and symbol table, strings: 11430 processed, 16 removed, symbols: 95710 processed, 37 removed
[2023-06-12T13:29:23.376+0000][gc            ] GC(5) Pause Remark 35M->35M(1024M) 2.622ms
[2023-06-12T13:29:23.376+0000][gc,cpu        ] GC(5) User=0.03s Sys=0.00s Real=0.01s
[2023-06-12T13:29:23.376+0000][gc,marking    ] GC(5) Concurrent Rebuild Remembered Sets
[2023-06-12T13:29:23.379+0000][gc,marking    ] GC(5) Concurrent Rebuild Remembered Sets 2.887ms
[2023-06-12T13:29:23.379+0000][gc,start      ] GC(5) Pause Cleanup
[2023-06-12T13:29:23.379+0000][gc            ] GC(5) Pause Cleanup 35M->35M(1024M) 0.131ms
[2023-06-12T13:29:23.379+0000][gc,cpu        ] GC(5) User=0.01s Sys=0.00s Real=0.00s
[2023-06-12T13:29:23.379+0000][gc,marking    ] GC(5) Concurrent Cleanup for Next Mark
[2023-06-12T13:29:23.384+0000][gc,marking    ] GC(5) Concurrent Cleanup for Next Mark 4.161ms
[2023-06-12T13:29:23.384+0000][gc            ] GC(5) Concurrent Cycle 16.464ms
[2023-06-12T13:29:23.854+0000][gc,start      ] GC(6) Pause Young (Normal) (G1 Evacuation Pause)
[2023-06-12T13:29:23.855+0000][gc,task       ] GC(6) Using 13 workers of 13 for evacuation
[2023-06-12T13:29:23.860+0000][gc,phases     ] GC(6)   Pre Evacuate Collection Set: 0.0ms
[2023-06-12T13:29:23.860+0000][gc,phases     ] GC(6)   Evacuate Collection Set: 3.8ms
[2023-06-12T13:29:23.860+0000][gc,phases     ] GC(6)   Post Evacuate Collection Set: 1.1ms
[2023-06-12T13:29:23.860+0000][gc,phases     ] GC(6)   Other: 0.3ms
[2023-06-12T13:29:23.860+0000][gc,heap       ] GC(6) Eden regions: 47->0(44)
[2023-06-12T13:29:23.860+0000][gc,heap       ] GC(6) Survivor regions: 4->7(7)
[2023-06-12T13:29:23.860+0000][gc,heap       ] GC(6) Old regions: 28->28
[2023-06-12T13:29:23.860+0000][gc,heap       ] GC(6) Humongous regions: 133->133
[2023-06-12T13:29:23.860+0000][gc,metaspace  ] GC(6) Metaspace: 42511K->42511K(1087488K)
[2023-06-12T13:29:23.860+0000][gc            ] GC(6) Pause Young (Normal) (G1 Evacuation Pause) 210M->167M(1024M) 5.438ms
[2023-06-12T13:29:23.860+0000][gc,cpu        ] GC(6) User=0.05s Sys=0.02s Real=0.00s
[2023-06-12T13:29:24.231+0000][gc,start      ] GC(7) Pause Young (Normal) (G1 Evacuation Pause)
[2023-06-12T13:29:24.231+0000][gc,task       ] GC(7) Using 13 workers of 13 for evacuation
[2023-06-12T13:29:24.247+0000][gc,phases     ] GC(7)   Pre Evacuate Collection Set: 0.0ms
[2023-06-12T13:29:24.247+0000][gc,phases     ] GC(7)   Evacuate Collection Set: 15.5ms
[2023-06-12T13:29:24.247+0000][gc,phases     ] GC(7)   Post Evacuate Collection Set: 0.7ms
[2023-06-12T13:29:24.247+0000][gc,phases     ] GC(7)   Other: 0.2ms
[2023-06-12T13:29:24.247+0000][gc,heap       ] GC(7) Eden regions: 44->0(44)
[2023-06-12T13:29:24.247+0000][gc,heap       ] GC(7) Survivor regions: 7->7(7)
[2023-06-12T13:29:24.247+0000][gc,heap       ] GC(7) Old regions: 28->31
[2023-06-12T13:29:24.247+0000][gc,heap       ] GC(7) Humongous regions: 134->133
[2023-06-12T13:29:24.247+0000][gc,metaspace  ] GC(7) Metaspace: 50430K->50430K(1095680K)
[2023-06-12T13:29:24.247+0000][gc            ] GC(7) Pause Young (Normal) (G1 Evacuation Pause) 212M->170M(1024M) 16.528ms
[2023-06-12T13:29:24.247+0000][gc,cpu        ] GC(7) User=0.07s Sys=0.14s Real=0.02s
[2023-06-12T13:29:24.359+0000][gc,start      ] GC(8) Pause Young (Normal) (G1 Evacuation Pause)
[2023-06-12T13:29:24.359+0000][gc,task       ] GC(8) Using 13 workers of 13 for evacuation
[2023-06-12T13:29:24.367+0000][gc,phases     ] GC(8)   Pre Evacuate Collection Set: 0.0ms
[2023-06-12T13:29:24.367+0000][gc,phases     ] GC(8)   Evacuate Collection Set: 7.5ms
[2023-06-12T13:29:24.367+0000][gc,phases     ] GC(8)   Post Evacuate Collection Set: 0.5ms
[2023-06-12T13:29:24.368+0000][gc,phases     ] GC(8)   Other: 0.2ms
[2023-06-12T13:29:24.368+0000][gc,heap       ] GC(8) Eden regions: 44->0(46)
[2023-06-12T13:29:24.368+0000][gc,heap       ] GC(8) Survivor regions: 7->5(7)
[2023-06-12T13:29:24.368+0000][gc,heap       ] GC(8) Old regions: 31->34
[2023-06-12T13:29:24.368+0000][gc,heap       ] GC(8) Humongous regions: 133->133
[2023-06-12T13:29:24.368+0000][gc,metaspace  ] GC(8) Metaspace: 53311K->53311K(1097728K)
[2023-06-12T13:29:24.368+0000][gc            ] GC(8) Pause Young (Normal) (G1 Evacuation Pause) 214M->171M(1024M) 8.387ms
[2023-06-12T13:29:24.368+0000][gc,cpu        ] GC(8) User=0.06s Sys=0.04s Real=0.01s
[2023-06-12T13:29:24.536+0000][gc,start      ] GC(9) Pause Young (Normal) (G1 Evacuation Pause)
[2023-06-12T13:29:24.536+0000][gc,task       ] GC(9) Using 13 workers of 13 for evacuation
[2023-06-12T13:29:24.547+0000][gc,phases     ] GC(9)   Pre Evacuate Collection Set: 0.0ms
[2023-06-12T13:29:24.547+0000][gc,phases     ] GC(9)   Evacuate Collection Set: 10.9ms
[2023-06-12T13:29:24.547+0000][gc,phases     ] GC(9)   Post Evacuate Collection Set: 0.5ms
[2023-06-12T13:29:24.547+0000][gc,phases     ] GC(9)   Other: 0.2ms
[2023-06-12T13:29:24.547+0000][gc,heap       ] GC(9) Eden regions: 46->0(48)
[2023-06-12T13:29:24.547+0000][gc,heap       ] GC(9) Survivor regions: 5->3(7)
[2023-06-12T13:29:24.547+0000][gc,heap       ] GC(9) Old regions: 34->38
[2023-06-12T13:29:24.547+0000][gc,heap       ] GC(9) Humongous regions: 133->133
[2023-06-12T13:29:24.547+0000][gc,metaspace  ] GC(9) Metaspace: 56608K->56608K(1101824K)
[2023-06-12T13:29:24.547+0000][gc            ] GC(9) Pause Young (Normal) (G1 Evacuation Pause) 217M->172M(1024M) 11.839ms
[2023-06-12T13:29:24.547+0000][gc,cpu        ] GC(9) User=0.04s Sys=0.10s Real=0.01s
[2023-06-12T13:29:24.627+0000][gc,start      ] GC(10) Pause Young (Concurrent Start) (Metadata GC Threshold)
[2023-06-12T13:29:24.627+0000][gc,task       ] GC(10) Using 13 workers of 13 for evacuation
[2023-06-12T13:29:24.630+0000][gc,phases     ] GC(10)   Pre Evacuate Collection Set: 0.2ms
[2023-06-12T13:29:24.630+0000][gc,phases     ] GC(10)   Evacuate Collection Set: 2.5ms
[2023-06-12T13:29:24.630+0000][gc,phases     ] GC(10)   Post Evacuate Collection Set: 0.3ms
[2023-06-12T13:29:24.630+0000][gc,phases     ] GC(10)   Other: 0.3ms
[2023-06-12T13:29:24.630+0000][gc,heap       ] GC(10) Eden regions: 7->0(48)
[2023-06-12T13:29:24.630+0000][gc,heap       ] GC(10) Survivor regions: 3->3(7)
[2023-06-12T13:29:24.630+0000][gc,heap       ] GC(10) Old regions: 38->38
[2023-06-12T13:29:24.630+0000][gc,heap       ] GC(10) Humongous regions: 133->133
[2023-06-12T13:29:24.630+0000][gc,metaspace  ] GC(10) Metaspace: 58460K->58460K(1101824K)
[2023-06-12T13:29:24.630+0000][gc            ] GC(10) Pause Young (Concurrent Start) (Metadata GC Threshold) 179M->172M(1024M) 3.443ms
[2023-06-12T13:29:24.630+0000][gc,cpu        ] GC(10) User=0.04s Sys=0.00s Real=0.00s
[2023-06-12T13:29:24.630+0000][gc            ] GC(11) Concurrent Cycle
[2023-06-12T13:29:24.630+0000][gc,marking    ] GC(11) Concurrent Clear Claimed Marks
[2023-06-12T13:29:24.631+0000][gc,marking    ] GC(11) Concurrent Clear Claimed Marks 0.142ms
[2023-06-12T13:29:24.631+0000][gc,marking    ] GC(11) Concurrent Scan Root Regions
[2023-06-12T13:29:24.632+0000][gc,marking    ] GC(11) Concurrent Scan Root Regions 1.311ms
[2023-06-12T13:29:24.632+0000][gc,marking    ] GC(11) Concurrent Mark (2.950s)
[2023-06-12T13:29:24.632+0000][gc,marking    ] GC(11) Concurrent Mark From Roots
[2023-06-12T13:29:24.632+0000][gc,task       ] GC(11) Using 3 workers of 3 for marking
[2023-06-12T13:29:24.642+0000][gc,marking    ] GC(11) Concurrent Mark From Roots 10.460ms
[2023-06-12T13:29:24.642+0000][gc,marking    ] GC(11) Concurrent Preclean
[2023-06-12T13:29:24.643+0000][gc,marking    ] GC(11) Concurrent Preclean 0.262ms
[2023-06-12T13:29:24.643+0000][gc,marking    ] GC(11) Concurrent Mark (2.950s, 2.961s) 10.805ms
[2023-06-12T13:29:24.643+0000][gc,start      ] GC(11) Pause Remark
[2023-06-12T13:29:24.646+0000][gc,stringtable] GC(11) Cleaned string and symbol table, strings: 22169 processed, 16 removed, symbols: 164822 processed, 43 removed
[2023-06-12T13:29:24.647+0000][gc            ] GC(11) Pause Remark 173M->173M(1024M) 3.648ms
[2023-06-12T13:29:24.647+0000][gc,cpu        ] GC(11) User=0.03s Sys=0.00s Real=0.01s
[2023-06-12T13:29:24.647+0000][gc,marking    ] GC(11) Concurrent Rebuild Remembered Sets
[2023-06-12T13:29:24.653+0000][gc,marking    ] GC(11) Concurrent Rebuild Remembered Sets 6.669ms
[2023-06-12T13:29:24.654+0000][gc,start      ] GC(11) Pause Cleanup
[2023-06-12T13:29:24.654+0000][gc            ] GC(11) Pause Cleanup 173M->173M(1024M) 0.186ms
[2023-06-12T13:29:24.654+0000][gc,cpu        ] GC(11) User=0.00s Sys=0.00s Real=0.00s
[2023-06-12T13:29:24.654+0000][gc,marking    ] GC(11) Concurrent Cleanup for Next Mark
[2023-06-12T13:29:24.656+0000][gc,marking    ] GC(11) Concurrent Cleanup for Next Mark 2.027ms
[2023-06-12T13:29:24.656+0000][gc            ] GC(11) Concurrent Cycle 25.589ms
[2023-06-12T13:29:24.912+0000][gc,start      ] GC(12) Pause Young (Concurrent Start) (G1 Evacuation Pause)
[2023-06-12T13:29:24.912+0000][gc,task       ] GC(12) Using 13 workers of 13 for evacuation
[2023-06-12T13:29:24.917+0000][gc,phases     ] GC(12)   Pre Evacuate Collection Set: 0.2ms
[2023-06-12T13:29:24.917+0000][gc,phases     ] GC(12)   Evacuate Collection Set: 3.2ms
[2023-06-12T13:29:24.917+0000][gc,phases     ] GC(12)   Post Evacuate Collection Set: 0.7ms
[2023-06-12T13:29:24.917+0000][gc,phases     ] GC(12)   Other: 0.3ms
[2023-06-12T13:29:24.917+0000][gc,heap       ] GC(12) Eden regions: 48->0(46)
[2023-06-12T13:29:24.917+0000][gc,heap       ] GC(12) Survivor regions: 3->5(7)
[2023-06-12T13:29:24.917+0000][gc,heap       ] GC(12) Old regions: 38->38
[2023-06-12T13:29:24.917+0000][gc,heap       ] GC(12) Humongous regions: 133->133
[2023-06-12T13:29:24.917+0000][gc,metaspace  ] GC(12) Metaspace: 62996K->62996K(1105920K)
[2023-06-12T13:29:24.917+0000][gc            ] GC(12) Pause Young (Concurrent Start) (G1 Evacuation Pause) 220M->175M(1024M) 4.430ms
[2023-06-12T13:29:24.917+0000][gc,cpu        ] GC(12) User=0.02s Sys=0.01s Real=0.01s
[2023-06-12T13:29:24.917+0000][gc            ] GC(13) Concurrent Cycle
[2023-06-12T13:29:24.917+0000][gc,marking    ] GC(13) Concurrent Clear Claimed Marks
[2023-06-12T13:29:24.917+0000][gc,marking    ] GC(13) Concurrent Clear Claimed Marks 0.171ms
[2023-06-12T13:29:24.917+0000][gc,marking    ] GC(13) Concurrent Scan Root Regions
[2023-06-12T13:29:24.919+0000][gc,marking    ] GC(13) Concurrent Scan Root Regions 1.583ms
[2023-06-12T13:29:24.919+0000][gc,marking    ] GC(13) Concurrent Mark (3.237s)
[2023-06-12T13:29:24.919+0000][gc,marking    ] GC(13) Concurrent Mark From Roots
[2023-06-12T13:29:24.919+0000][gc,task       ] GC(13) Using 3 workers of 3 for marking
[2023-06-12T13:29:24.934+0000][gc,marking    ] GC(13) Concurrent Mark From Roots 15.024ms
[2023-06-12T13:29:24.934+0000][gc,marking    ] GC(13) Concurrent Preclean
[2023-06-12T13:29:24.934+0000][gc,marking    ] GC(13) Concurrent Preclean 0.261ms
[2023-06-12T13:29:24.934+0000][gc,marking    ] GC(13) Concurrent Mark (3.237s, 3.253s) 15.413ms
[2023-06-12T13:29:24.934+0000][gc,start      ] GC(13) Pause Remark
[2023-06-12T13:29:24.941+0000][gc,stringtable] GC(13) Cleaned string and symbol table, strings: 23295 processed, 0 removed, symbols: 177622 processed, 12 removed
[2023-06-12T13:29:24.941+0000][gc            ] GC(13) Pause Remark 177M->177M(1024M) 6.994ms
[2023-06-12T13:29:24.941+0000][gc,cpu        ] GC(13) User=0.09s Sys=0.00s Real=0.00s
[2023-06-12T13:29:24.941+0000][gc,marking    ] GC(13) Concurrent Rebuild Remembered Sets
[2023-06-12T13:29:24.949+0000][gc,marking    ] GC(13) Concurrent Rebuild Remembered Sets 7.572ms
[2023-06-12T13:29:24.949+0000][gc,start      ] GC(13) Pause Cleanup
[2023-06-12T13:29:24.950+0000][gc            ] GC(13) Pause Cleanup 178M->178M(1024M) 0.211ms
[2023-06-12T13:29:24.950+0000][gc,cpu        ] GC(13) User=0.00s Sys=0.00s Real=0.00s
[2023-06-12T13:29:24.950+0000][gc,marking    ] GC(13) Concurrent Cleanup for Next Mark
[2023-06-12T13:29:24.951+0000][gc,marking    ] GC(13) Concurrent Cleanup for Next Mark 1.711ms
[2023-06-12T13:29:24.952+0000][gc            ] GC(13) Concurrent Cycle 34.722ms
[2023-06-12T13:29:25.283+0000][gc,start      ] GC(14) Pause Young (Normal) (G1 Evacuation Pause)
[2023-06-12T13:29:25.283+0000][gc,task       ] GC(14) Using 13 workers of 13 for evacuation
[2023-06-12T13:29:25.293+0000][gc,phases     ] GC(14)   Pre Evacuate Collection Set: 0.1ms
[2023-06-12T13:29:25.293+0000][gc,phases     ] GC(14)   Evacuate Collection Set: 7.7ms
[2023-06-12T13:29:25.293+0000][gc,phases     ] GC(14)   Post Evacuate Collection Set: 1.6ms
[2023-06-12T13:29:25.293+0000][gc,phases     ] GC(14)   Other: 0.3ms
[2023-06-12T13:29:25.293+0000][gc,heap       ] GC(14) Eden regions: 46->0(53)
[2023-06-12T13:29:25.293+0000][gc,heap       ] GC(14) Survivor regions: 5->6(7)
[2023-06-12T13:29:25.293+0000][gc,heap       ] GC(14) Old regions: 38->40
[2023-06-12T13:29:25.293+0000][gc,heap       ] GC(14) Humongous regions: 133->133
[2023-06-12T13:29:25.293+0000][gc,metaspace  ] GC(14) Metaspace: 68184K->68184K(1110016K)
[2023-06-12T13:29:25.293+0000][gc            ] GC(14) Pause Young (Normal) (G1 Evacuation Pause) 221M->177M(1024M) 9.765ms
[2023-06-12T13:29:25.293+0000][gc,cpu        ] GC(14) User=0.10s Sys=0.04s Real=0.01s
[2023-06-12T13:29:25.605+0000][gc,start      ] GC(15) Pause Young (Normal) (G1 Evacuation Pause)
[2023-06-12T13:29:25.605+0000][gc,task       ] GC(15) Using 13 workers of 13 for evacuation
[2023-06-12T13:29:25.615+0000][gc,phases     ] GC(15)   Pre Evacuate Collection Set: 0.0ms
[2023-06-12T13:29:25.615+0000][gc,phases     ] GC(15)   Evacuate Collection Set: 8.7ms
[2023-06-12T13:29:25.615+0000][gc,phases     ] GC(15)   Post Evacuate Collection Set: 0.7ms
[2023-06-12T13:29:25.615+0000][gc,phases     ] GC(15)   Other: 0.2ms
[2023-06-12T13:29:25.615+0000][gc,heap       ] GC(15) Eden regions: 53->0(61)
[2023-06-12T13:29:25.615+0000][gc,heap       ] GC(15) Survivor regions: 6->5(8)
[2023-06-12T13:29:25.615+0000][gc,heap       ] GC(15) Old regions: 40->42
[2023-06-12T13:29:25.615+0000][gc,heap       ] GC(15) Humongous regions: 133->133
[2023-06-12T13:29:25.615+0000][gc,metaspace  ] GC(15) Metaspace: 73880K->73880K(1116160K)
[2023-06-12T13:29:25.615+0000][gc            ] GC(15) Pause Young (Normal) (G1 Evacuation Pause) 230M->179M(1024M) 9.797ms
[2023-06-12T13:29:25.615+0000][gc,cpu        ] GC(15) User=0.05s Sys=0.05s Real=0.01s
[2023-06-12T13:29:26.032+0000][gc,start      ] GC(16) Pause Young (Normal) (G1 Evacuation Pause)
[2023-06-12T13:29:26.032+0000][gc,task       ] GC(16) Using 13 workers of 13 for evacuation
[2023-06-12T13:29:26.061+0000][gc,mmu        ] GC(16) MMU target violated: 21.0ms (20.0ms/21.0ms)
[2023-06-12T13:29:26.061+0000][gc,phases     ] GC(16)   Pre Evacuate Collection Set: 0.0ms
[2023-06-12T13:29:26.061+0000][gc,phases     ] GC(16)   Evacuate Collection Set: 26.9ms
[2023-06-12T13:29:26.061+0000][gc,phases     ] GC(16)   Post Evacuate Collection Set: 1.2ms
[2023-06-12T13:29:26.061+0000][gc,phases     ] GC(16)   Other: 0.4ms
[2023-06-12T13:29:26.061+0000][gc,heap       ] GC(16) Eden regions: 61->0(49)
[2023-06-12T13:29:26.061+0000][gc,heap       ] GC(16) Survivor regions: 5->8(9)
[2023-06-12T13:29:26.061+0000][gc,heap       ] GC(16) Old regions: 42->42
[2023-06-12T13:29:26.061+0000][gc,heap       ] GC(16) Humongous regions: 133->133
[2023-06-12T13:29:26.061+0000][gc,metaspace  ] GC(16) Metaspace: 77503K->77503K(1120256K)
[2023-06-12T13:29:26.061+0000][gc            ] GC(16) Pause Young (Normal) (G1 Evacuation Pause) 240M->182M(1024M) 28.637ms
[2023-06-12T13:29:26.061+0000][gc,cpu        ] GC(16) User=0.17s Sys=0.23s Real=0.03s
[2023-06-12T13:29:26.434+0000][gc,start      ] GC(17) Pause Young (Normal) (G1 Evacuation Pause)
[2023-06-12T13:29:26.434+0000][gc,task       ] GC(17) Using 13 workers of 13 for evacuation
[2023-06-12T13:29:26.456+0000][gc,mmu        ] GC(17) MMU target violated: 21.0ms (20.0ms/21.0ms)
[2023-06-12T13:29:26.456+0000][gc,phases     ] GC(17)   Pre Evacuate Collection Set: 0.0ms
[2023-06-12T13:29:26.456+0000][gc,phases     ] GC(17)   Evacuate Collection Set: 12.9ms
[2023-06-12T13:29:26.456+0000][gc,phases     ] GC(17)   Post Evacuate Collection Set: 8.9ms
[2023-06-12T13:29:26.456+0000][gc,phases     ] GC(17)   Other: 0.4ms
[2023-06-12T13:29:26.456+0000][gc,heap       ] GC(17) Eden regions: 49->0(45)
[2023-06-12T13:29:26.456+0000][gc,heap       ] GC(17) Survivor regions: 8->6(8)
[2023-06-12T13:29:26.456+0000][gc,heap       ] GC(17) Old regions: 42->46
[2023-06-12T13:29:26.456+0000][gc,heap       ] GC(17) Humongous regions: 133->133
[2023-06-12T13:29:26.456+0000][gc,metaspace  ] GC(17) Metaspace: 80643K->80643K(1122304K)
[2023-06-12T13:29:26.456+0000][gc            ] GC(17) Pause Young (Normal) (G1 Evacuation Pause) 231M->184M(1024M) 22.380ms
[2023-06-12T13:29:26.456+0000][gc,cpu        ] GC(17) User=0.23s Sys=0.07s Real=0.03s
[2023-06-12T13:29:26.696+0000][gc,start      ] GC(18) Pause Young (Normal) (G1 Evacuation Pause)
[2023-06-12T13:29:26.696+0000][gc,task       ] GC(18) Using 13 workers of 13 for evacuation
[2023-06-12T13:29:26.702+0000][gc,phases     ] GC(18)   Pre Evacuate Collection Set: 0.0ms
[2023-06-12T13:29:26.702+0000][gc,phases     ] GC(18)   Evacuate Collection Set: 5.0ms
[2023-06-12T13:29:26.702+0000][gc,phases     ] GC(18)   Post Evacuate Collection Set: 0.6ms
[2023-06-12T13:29:26.702+0000][gc,phases     ] GC(18)   Other: 0.2ms
[2023-06-12T13:29:26.702+0000][gc,heap       ] GC(18) Eden regions: 45->0(52)
[2023-06-12T13:29:26.702+0000][gc,heap       ] GC(18) Survivor regions: 6->4(7)
[2023-06-12T13:29:26.702+0000][gc,heap       ] GC(18) Old regions: 46->49
[2023-06-12T13:29:26.702+0000][gc,heap       ] GC(18) Humongous regions: 133->133
[2023-06-12T13:29:26.702+0000][gc,metaspace  ] GC(18) Metaspace: 83848K->83848K(1124352K)
[2023-06-12T13:29:26.702+0000][gc            ] GC(18) Pause Young (Normal) (G1 Evacuation Pause) 229M->185M(1024M) 5.977ms
[2023-06-12T13:29:26.702+0000][gc,cpu        ] GC(18) User=0.04s Sys=0.04s Real=0.00s
[2023-06-12T13:29:26.841+0000][gc,start      ] GC(19) Pause Young (Normal) (G1 Evacuation Pause)
[2023-06-12T13:29:26.841+0000][gc,task       ] GC(19) Using 13 workers of 13 for evacuation
[2023-06-12T13:29:26.854+0000][gc,phases     ] GC(19)   Pre Evacuate Collection Set: 0.0ms
[2023-06-12T13:29:26.854+0000][gc,phases     ] GC(19)   Evacuate Collection Set: 11.3ms
[2023-06-12T13:29:26.854+0000][gc,phases     ] GC(19)   Post Evacuate Collection Set: 1.2ms
[2023-06-12T13:29:26.854+0000][gc,phases     ] GC(19)   Other: 0.2ms
[2023-06-12T13:29:26.854+0000][gc,heap       ] GC(19) Eden regions: 52->0(56)
[2023-06-12T13:29:26.854+0000][gc,heap       ] GC(19) Survivor regions: 4->3(7)
[2023-06-12T13:29:26.854+0000][gc,heap       ] GC(19) Old regions: 49->52
[2023-06-12T13:29:26.854+0000][gc,heap       ] GC(19) Humongous regions: 133->133
[2023-06-12T13:29:26.854+0000][gc,metaspace  ] GC(19) Metaspace: 85382K->85382K(1126400K)
[2023-06-12T13:29:26.854+0000][gc            ] GC(19) Pause Young (Normal) (G1 Evacuation Pause) 237M->186M(1024M) 12.813ms
[2023-06-12T13:29:26.854+0000][gc,cpu        ] GC(19) User=0.07s Sys=0.09s Real=0.01s
[2023-06-12T13:29:27.084+0000][gc,start      ] GC(20) Pause Young (Normal) (G1 Evacuation Pause)
[2023-06-12T13:29:27.084+0000][gc,task       ] GC(20) Using 13 workers of 13 for evacuation
[2023-06-12T13:29:27.087+0000][gc,phases     ] GC(20)   Pre Evacuate Collection Set: 0.0ms
[2023-06-12T13:29:27.087+0000][gc,phases     ] GC(20)   Evacuate Collection Set: 1.9ms
[2023-06-12T13:29:27.087+0000][gc,phases     ] GC(20)   Post Evacuate Collection Set: 0.4ms
[2023-06-12T13:29:27.087+0000][gc,phases     ] GC(20)   Other: 0.3ms
[2023-06-12T13:29:27.087+0000][gc,heap       ] GC(20) Eden regions: 56->0(63)
[2023-06-12T13:29:27.087+0000][gc,heap       ] GC(20) Survivor regions: 3->5(8)
[2023-06-12T13:29:27.087+0000][gc,heap       ] GC(20) Old regions: 52->52
[2023-06-12T13:29:27.087+0000][gc,heap       ] GC(20) Humongous regions: 133->133
[2023-06-12T13:29:27.087+0000][gc,metaspace  ] GC(20) Metaspace: 87080K->87080K(1128448K)
[2023-06-12T13:29:27.087+0000][gc            ] GC(20) Pause Young (Normal) (G1 Evacuation Pause) 242M->188M(1024M) 2.800ms
[2023-06-12T13:29:27.087+0000][gc,cpu        ] GC(20) User=0.02s Sys=0.01s Real=0.01s
[2023-06-12T13:29:31.384+0000][gc,start      ] GC(21) Pause Young (Normal) (G1 Evacuation Pause)
[2023-06-12T13:29:31.384+0000][gc,task       ] GC(21) Using 13 workers of 13 for evacuation
[2023-06-12T13:29:31.395+0000][gc,phases     ] GC(21)   Pre Evacuate Collection Set: 0.0ms
[2023-06-12T13:29:31.395+0000][gc,phases     ] GC(21)   Evacuate Collection Set: 10.2ms
[2023-06-12T13:29:31.395+0000][gc,phases     ] GC(21)   Post Evacuate Collection Set: 1.0ms
[2023-06-12T13:29:31.395+0000][gc,phases     ] GC(21)   Other: 0.4ms
[2023-06-12T13:29:31.395+0000][gc,heap       ] GC(21) Eden regions: 63->0(72)
[2023-06-12T13:29:31.395+0000][gc,heap       ] GC(21) Survivor regions: 5->8(9)
[2023-06-12T13:29:31.396+0000][gc,heap       ] GC(21) Old regions: 52->52
[2023-06-12T13:29:31.396+0000][gc,heap       ] GC(21) Humongous regions: 133->133
[2023-06-12T13:29:31.396+0000][gc,metaspace  ] GC(21) Metaspace: 90539K->90539K(1130496K)
[2023-06-12T13:29:31.396+0000][gc            ] GC(21) Pause Young (Normal) (G1 Evacuation Pause) 251M->192M(1024M) 11.841ms
[2023-06-12T13:29:31.396+0000][gc,cpu        ] GC(21) User=0.08s Sys=0.05s Real=0.02s
[2023-06-12T13:30:25.149+0000][gc,start      ] GC(22) Pause Young (Normal) (G1 Evacuation Pause)
[2023-06-12T13:30:25.149+0000][gc,task       ] GC(22) Using 13 workers of 13 for evacuation
[2023-06-12T13:30:25.181+0000][gc,mmu        ] GC(22) MMU target violated: 21.0ms (20.0ms/21.0ms)
[2023-06-12T13:30:25.181+0000][gc,phases     ] GC(22)   Pre Evacuate Collection Set: 0.0ms
[2023-06-12T13:30:25.181+0000][gc,phases     ] GC(22)   Evacuate Collection Set: 30.6ms
[2023-06-12T13:30:25.181+0000][gc,phases     ] GC(22)   Post Evacuate Collection Set: 0.9ms
[2023-06-12T13:30:25.181+0000][gc,phases     ] GC(22)   Other: 0.4ms
[2023-06-12T13:30:25.181+0000][gc,heap       ] GC(22) Eden regions: 72->0(57)
[2023-06-12T13:30:25.181+0000][gc,heap       ] GC(22) Survivor regions: 8->8(10)
[2023-06-12T13:30:25.181+0000][gc,heap       ] GC(22) Old regions: 52->56
[2023-06-12T13:30:25.181+0000][gc,heap       ] GC(22) Humongous regions: 133->133
[2023-06-12T13:30:25.181+0000][gc,metaspace  ] GC(22) Metaspace: 94026K->94026K(1134592K)
[2023-06-12T13:30:25.181+0000][gc            ] GC(22) Pause Young (Normal) (G1 Evacuation Pause) 264M->196M(1024M) 32.082ms
[2023-06-12T13:30:25.181+0000][gc,cpu        ] GC(22) User=0.11s Sys=0.28s Real=0.03s
[2023-06-12T13:30:29.545+0000][gc,start      ] GC(23) Pause Young (Normal) (G1 Evacuation Pause)
[2023-06-12T13:30:29.545+0000][gc,task       ] GC(23) Using 13 workers of 13 for evacuation
[2023-06-12T13:30:29.553+0000][gc,phases     ] GC(23)   Pre Evacuate Collection Set: 0.0ms
[2023-06-12T13:30:29.553+0000][gc,phases     ] GC(23)   Evacuate Collection Set: 7.1ms
[2023-06-12T13:30:29.553+0000][gc,phases     ] GC(23)   Post Evacuate Collection Set: 0.7ms
[2023-06-12T13:30:29.553+0000][gc,phases     ] GC(23)   Other: 0.3ms
[2023-06-12T13:30:29.553+0000][gc,heap       ] GC(23) Eden regions: 57->0(66)
[2023-06-12T13:30:29.553+0000][gc,heap       ] GC(23) Survivor regions: 8->7(9)
[2023-06-12T13:30:29.554+0000][gc,heap       ] GC(23) Old regions: 56->60
[2023-06-12T13:30:29.554+0000][gc,heap       ] GC(23) Humongous regions: 133->133
[2023-06-12T13:30:29.554+0000][gc,metaspace  ] GC(23) Metaspace: 95866K->95866K(1136640K)
[2023-06-12T13:30:29.554+0000][gc            ] GC(23) Pause Young (Normal) (G1 Evacuation Pause) 253M->198M(1024M) 8.352ms
[2023-06-12T13:30:29.554+0000][gc,cpu        ] GC(23) User=0.08s Sys=0.00s Real=0.00s
[2023-06-12T13:31:25.005+0000][gc,start      ] GC(24) Pause Young (Normal) (G1 Evacuation Pause)
[2023-06-12T13:31:25.005+0000][gc,task       ] GC(24) Using 13 workers of 13 for evacuation
[2023-06-12T13:31:25.015+0000][gc,phases     ] GC(24)   Pre Evacuate Collection Set: 0.0ms
[2023-06-12T13:31:25.015+0000][gc,phases     ] GC(24)   Evacuate Collection Set: 8.3ms
[2023-06-12T13:31:25.015+0000][gc,phases     ] GC(24)   Post Evacuate Collection Set: 0.8ms
[2023-06-12T13:31:25.015+0000][gc,phases     ] GC(24)   Other: 0.4ms
[2023-06-12T13:31:25.015+0000][gc,heap       ] GC(24) Eden regions: 66->0(76)
[2023-06-12T13:31:25.015+0000][gc,heap       ] GC(24) Survivor regions: 7->5(10)
[2023-06-12T13:31:25.015+0000][gc,heap       ] GC(24) Old regions: 60->63
[2023-06-12T13:31:25.015+0000][gc,heap       ] GC(24) Humongous regions: 133->133
[2023-06-12T13:31:25.015+0000][gc,metaspace  ] GC(24) Metaspace: 98865K->98865K(1138688K)
[2023-06-12T13:31:25.015+0000][gc            ] GC(24) Pause Young (Normal) (G1 Evacuation Pause) 264M->201M(1024M) 9.752ms
[2023-06-12T13:31:25.015+0000][gc,cpu        ] GC(24) User=0.07s Sys=0.05s Real=0.01s
[2023-06-12T13:32:25.024+0000][gc,start      ] GC(25) Pause Young (Normal) (G1 Evacuation Pause)
[2023-06-12T13:32:25.024+0000][gc,task       ] GC(25) Using 13 workers of 13 for evacuation
[2023-06-12T13:32:25.028+0000][gc,phases     ] GC(25)   Pre Evacuate Collection Set: 0.0ms
[2023-06-12T13:32:25.028+0000][gc,phases     ] GC(25)   Evacuate Collection Set: 3.2ms
[2023-06-12T13:32:25.028+0000][gc,phases     ] GC(25)   Post Evacuate Collection Set: 0.6ms
[2023-06-12T13:32:25.028+0000][gc,phases     ] GC(25)   Other: 0.3ms
[2023-06-12T13:32:25.028+0000][gc,heap       ] GC(25) Eden regions: 76->0(82)
[2023-06-12T13:32:25.028+0000][gc,heap       ] GC(25) Survivor regions: 5->7(11)
[2023-06-12T13:32:25.028+0000][gc,heap       ] GC(25) Old regions: 63->63
[2023-06-12T13:32:25.028+0000][gc,heap       ] GC(25) Humongous regions: 133->133
[2023-06-12T13:32:25.028+0000][gc,metaspace  ] GC(25) Metaspace: 99124K->99124K(1138688K)
[2023-06-12T13:32:25.028+0000][gc            ] GC(25) Pause Young (Normal) (G1 Evacuation Pause) 277M->202M(1024M) 4.345ms
[2023-06-12T13:32:25.028+0000][gc,cpu        ] GC(25) User=0.03s Sys=0.02s Real=0.01s
[2023-06-12T13:33:34.132+0000][gc,start      ] GC(26) Pause Young (Normal) (G1 Evacuation Pause)
[2023-06-12T13:33:34.133+0000][gc,task       ] GC(26) Using 13 workers of 13 for evacuation
[2023-06-12T13:33:34.153+0000][gc,mmu        ] GC(26) MMU target violated: 20.4ms (20.0ms/21.0ms)
[2023-06-12T13:33:34.153+0000][gc,phases     ] GC(26)   Pre Evacuate Collection Set: 0.0ms
[2023-06-12T13:33:34.153+0000][gc,phases     ] GC(26)   Evacuate Collection Set: 19.7ms
[2023-06-12T13:33:34.153+0000][gc,phases     ] GC(26)   Post Evacuate Collection Set: 0.5ms
[2023-06-12T13:33:34.153+0000][gc,phases     ] GC(26)   Other: 0.3ms
[2023-06-12T13:33:34.153+0000][gc,heap       ] GC(26) Eden regions: 82->0(70)
[2023-06-12T13:33:34.153+0000][gc,heap       ] GC(26) Survivor regions: 7->7(12)
[2023-06-12T13:33:34.153+0000][gc,heap       ] GC(26) Old regions: 63->63
[2023-06-12T13:33:34.153+0000][gc,heap       ] GC(26) Humongous regions: 133->133
[2023-06-12T13:33:34.153+0000][gc,metaspace  ] GC(26) Metaspace: 99494K->99494K(1138688K)
[2023-06-12T13:33:34.153+0000][gc            ] GC(26) Pause Young (Normal) (G1 Evacuation Pause) 284M->202M(1024M) 20.631ms
[2023-06-12T13:33:34.153+0000][gc,cpu        ] GC(26) User=0.05s Sys=0.20s Real=0.02s
[2023-06-12T13:34:25.036+0000][gc,start      ] GC(27) Pause Young (Normal) (G1 Evacuation Pause)
[2023-06-12T13:34:25.036+0000][gc,task       ] GC(27) Using 13 workers of 13 for evacuation
[2023-06-12T13:34:25.044+0000][gc,phases     ] GC(27)   Pre Evacuate Collection Set: 0.0ms
[2023-06-12T13:34:25.044+0000][gc,phases     ] GC(27)   Evacuate Collection Set: 7.1ms
[2023-06-12T13:34:25.044+0000][gc,phases     ] GC(27)   Post Evacuate Collection Set: 0.4ms
[2023-06-12T13:34:25.044+0000][gc,phases     ] GC(27)   Other: 0.3ms
[2023-06-12T13:34:25.044+0000][gc,heap       ] GC(27) Eden regions: 70->0(83)
[2023-06-12T13:34:25.044+0000][gc,heap       ] GC(27) Survivor regions: 7->8(10)
[2023-06-12T13:34:25.044+0000][gc,heap       ] GC(27) Old regions: 63->65
[2023-06-12T13:34:25.044+0000][gc,heap       ] GC(27) Humongous regions: 133->133
[2023-06-12T13:34:25.044+0000][gc,metaspace  ] GC(27) Metaspace: 101100K->101100K(1140736K)
[2023-06-12T13:34:25.044+0000][gc            ] GC(27) Pause Young (Normal) (G1 Evacuation Pause) 272M->205M(1024M) 8.007ms
[2023-06-12T13:34:25.044+0000][gc,cpu        ] GC(27) User=0.08s Sys=0.03s Real=0.00s
[2023-06-12T13:35:32.219+0000][gc,start      ] GC(28) Pause Young (Normal) (G1 Evacuation Pause)
[2023-06-12T13:35:32.219+0000][gc,task       ] GC(28) Using 13 workers of 13 for evacuation
[2023-06-12T13:35:32.234+0000][gc,phases     ] GC(28)   Pre Evacuate Collection Set: 0.0ms
[2023-06-12T13:35:32.234+0000][gc,phases     ] GC(28)   Evacuate Collection Set: 13.2ms
[2023-06-12T13:35:32.234+0000][gc,phases     ] GC(28)   Post Evacuate Collection Set: 0.9ms
[2023-06-12T13:35:32.234+0000][gc,phases     ] GC(28)   Other: 0.4ms
[2023-06-12T13:35:32.234+0000][gc,heap       ] GC(28) Eden regions: 83->0(84)
[2023-06-12T13:35:32.234+0000][gc,heap       ] GC(28) Survivor regions: 8->7(12)
[2023-06-12T13:35:32.234+0000][gc,heap       ] GC(28) Old regions: 65->67
[2023-06-12T13:35:32.234+0000][gc,heap       ] GC(28) Humongous regions: 133->133
[2023-06-12T13:35:32.234+0000][gc,metaspace  ] GC(28) Metaspace: 101203K->101203K(1140736K)
[2023-06-12T13:35:32.234+0000][gc            ] GC(28) Pause Young (Normal) (G1 Evacuation Pause) 288M->206M(1024M) 14.698ms
[2023-06-12T13:35:32.234+0000][gc,cpu        ] GC(28) User=0.04s Sys=0.14s Real=0.01s
[2023-06-12T13:37:00.856+0000][gc,start      ] GC(29) Pause Young (Normal) (G1 Evacuation Pause)
[2023-06-12T13:37:00.856+0000][gc,task       ] GC(29) Using 13 workers of 13 for evacuation
[2023-06-12T13:37:00.866+0000][gc,phases     ] GC(29)   Pre Evacuate Collection Set: 0.0ms
[2023-06-12T13:37:00.866+0000][gc,phases     ] GC(29)   Evacuate Collection Set: 9.0ms
[2023-06-12T13:37:00.866+0000][gc,phases     ] GC(29)   Post Evacuate Collection Set: 0.8ms
[2023-06-12T13:37:00.866+0000][gc,phases     ] GC(29)   Other: 0.3ms
[2023-06-12T13:37:00.866+0000][gc,heap       ] GC(29) Eden regions: 84->0(102)
[2023-06-12T13:37:00.866+0000][gc,heap       ] GC(29) Survivor regions: 7->8(12)
[2023-06-12T13:37:00.866+0000][gc,heap       ] GC(29) Old regions: 67->67
[2023-06-12T13:37:00.866+0000][gc,heap       ] GC(29) Humongous regions: 133->133
[2023-06-12T13:37:00.866+0000][gc,metaspace  ] GC(29) Metaspace: 101346K->101346K(1140736K)
[2023-06-12T13:37:00.866+0000][gc            ] GC(29) Pause Young (Normal) (G1 Evacuation Pause) 290M->207M(1024M) 10.360ms
[2023-06-12T13:37:00.866+0000][gc,cpu        ] GC(29) User=0.04s Sys=0.07s Real=0.01s
[2023-06-12T13:38:25.043+0000][gc,start      ] GC(30) Pause Young (Normal) (G1 Evacuation Pause)
[2023-06-12T13:38:25.043+0000][gc,task       ] GC(30) Using 13 workers of 13 for evacuation
[2023-06-12T13:38:25.071+0000][gc,mmu        ] GC(30) MMU target violated: 21.0ms (20.0ms/21.0ms)
[2023-06-12T13:38:25.071+0000][gc,phases     ] GC(30)   Pre Evacuate Collection Set: 0.0ms
[2023-06-12T13:38:25.071+0000][gc,phases     ] GC(30)   Evacuate Collection Set: 27.0ms
[2023-06-12T13:38:25.071+0000][gc,phases     ] GC(30)   Post Evacuate Collection Set: 0.7ms
[2023-06-12T13:38:25.071+0000][gc,phases     ] GC(30)   Other: 0.4ms
[2023-06-12T13:38:25.071+0000][gc,heap       ] GC(30) Eden regions: 102->0(83)
[2023-06-12T13:38:25.071+0000][gc,heap       ] GC(30) Survivor regions: 8->8(14)
[2023-06-12T13:38:25.071+0000][gc,heap       ] GC(30) Old regions: 67->67
[2023-06-12T13:38:25.071+0000][gc,heap       ] GC(30) Humongous regions: 133->133
[2023-06-12T13:38:25.071+0000][gc,metaspace  ] GC(30) Metaspace: 101567K->101567K(1140736K)
[2023-06-12T13:38:25.071+0000][gc            ] GC(30) Pause Young (Normal) (G1 Evacuation Pause) 309M->207M(1024M) 28.202ms
[2023-06-12T13:38:25.071+0000][gc,cpu        ] GC(30) User=0.11s Sys=0.22s Real=0.03s
[2023-06-12T13:39:31.132+0000][gc,start      ] GC(31) Pause Young (Normal) (G1 Evacuation Pause)
[2023-06-12T13:39:31.132+0000][gc,task       ] GC(31) Using 13 workers of 13 for evacuation
[2023-06-12T13:39:31.143+0000][gc,phases     ] GC(31)   Pre Evacuate Collection Set: 0.0ms
[2023-06-12T13:39:31.144+0000][gc,phases     ] GC(31)   Evacuate Collection Set: 10.6ms
[2023-06-12T13:39:31.144+0000][gc,phases     ] GC(31)   Post Evacuate Collection Set: 0.6ms
[2023-06-12T13:39:31.144+0000][gc,phases     ] GC(31)   Other: 0.4ms
[2023-06-12T13:39:31.144+0000][gc,heap       ] GC(31) Eden regions: 83->0(84)
[2023-06-12T13:39:31.144+0000][gc,heap       ] GC(31) Survivor regions: 8->11(12)
[2023-06-12T13:39:31.144+0000][gc,heap       ] GC(31) Old regions: 67->69
[2023-06-12T13:39:31.144+0000][gc,heap       ] GC(31) Humongous regions: 133->133
[2023-06-12T13:39:31.144+0000][gc,metaspace  ] GC(31) Metaspace: 101847K->101847K(1140736K)
[2023-06-12T13:39:31.144+0000][gc            ] GC(31) Pause Young (Normal) (G1 Evacuation Pause) 290M->212M(1024M) 11.846ms
[2023-06-12T13:39:31.144+0000][gc,cpu        ] GC(31) User=0.10s Sys=0.05s Real=0.01s
[2023-06-12T13:41:24.986+0000][gc,start      ] GC(32) Pause Young (Normal) (G1 Evacuation Pause)
[2023-06-12T13:41:24.986+0000][gc,task       ] GC(32) Using 13 workers of 13 for evacuation
[2023-06-12T13:41:25.006+0000][gc,phases     ] GC(32)   Pre Evacuate Collection Set: 0.0ms
[2023-06-12T13:41:25.006+0000][gc,phases     ] GC(32)   Evacuate Collection Set: 19.0ms
[2023-06-12T13:41:25.006+0000][gc,phases     ] GC(32)   Post Evacuate Collection Set: 0.7ms
[2023-06-12T13:41:25.006+0000][gc,phases     ] GC(32)   Other: 0.3ms
[2023-06-12T13:41:25.006+0000][gc,heap       ] GC(32) Eden regions: 84->0(89)
[2023-06-12T13:41:25.006+0000][gc,heap       ] GC(32) Survivor regions: 11->6(12)
[2023-06-12T13:41:25.006+0000][gc,heap       ] GC(32) Old regions: 69->75
[2023-06-12T13:41:25.006+0000][gc,heap       ] GC(32) Humongous regions: 133->133
[2023-06-12T13:41:25.006+0000][gc,metaspace  ] GC(32) Metaspace: 101967K->101967K(1140736K)
[2023-06-12T13:41:25.006+0000][gc            ] GC(32) Pause Young (Normal) (G1 Evacuation Pause) 296M->212M(1024M) 20.219ms
[2023-06-12T13:41:25.006+0000][gc,cpu        ] GC(32) User=0.06s Sys=0.19s Real=0.02s
[2023-06-12T13:42:25.050+0000][gc,start      ] GC(33) Pause Young (Normal) (G1 Evacuation Pause)
[2023-06-12T13:42:25.050+0000][gc,task       ] GC(33) Using 13 workers of 13 for evacuation
[2023-06-12T13:42:25.055+0000][gc,phases     ] GC(33)   Pre Evacuate Collection Set: 0.0ms
[2023-06-12T13:42:25.055+0000][gc,phases     ] GC(33)   Evacuate Collection Set: 3.3ms
[2023-06-12T13:42:25.055+0000][gc,phases     ] GC(33)   Post Evacuate Collection Set: 0.6ms
[2023-06-12T13:42:25.055+0000][gc,phases     ] GC(33)   Other: 0.3ms
[2023-06-12T13:42:25.055+0000][gc,heap       ] GC(33) Eden regions: 89->0(103)
[2023-06-12T13:42:25.055+0000][gc,heap       ] GC(33) Survivor regions: 6->5(12)
[2023-06-12T13:42:25.055+0000][gc,heap       ] GC(33) Old regions: 75->75
[2023-06-12T13:42:25.055+0000][gc,heap       ] GC(33) Humongous regions: 133->133
[2023-06-12T13:42:25.055+0000][gc,metaspace  ] GC(33) Metaspace: 102177K->102177K(1140736K)
[2023-06-12T13:42:25.055+0000][gc            ] GC(33) Pause Young (Normal) (G1 Evacuation Pause) 301M->212M(1024M) 4.449ms
[2023-06-12T13:42:25.055+0000][gc,cpu        ] GC(33) User=0.03s Sys=0.01s Real=0.01s
[2023-06-12T13:44:15.449+0000][gc,start      ] GC(34) Pause Young (Normal) (G1 Evacuation Pause)
[2023-06-12T13:44:15.449+0000][gc,task       ] GC(34) Using 13 workers of 13 for evacuation
[2023-06-12T13:44:15.455+0000][gc,phases     ] GC(34)   Pre Evacuate Collection Set: 0.1ms
[2023-06-12T13:44:15.456+0000][gc,phases     ] GC(34)   Evacuate Collection Set: 5.0ms
[2023-06-12T13:44:15.456+0000][gc,phases     ] GC(34)   Post Evacuate Collection Set: 0.7ms
[2023-06-12T13:44:15.456+0000][gc,phases     ] GC(34)   Other: 0.5ms
[2023-06-12T13:44:15.456+0000][gc,heap       ] GC(34) Eden regions: 103->0(107)
[2023-06-12T13:44:15.456+0000][gc,heap       ] GC(34) Survivor regions: 5->8(14)
[2023-06-12T13:44:15.456+0000][gc,heap       ] GC(34) Old regions: 75->75
[2023-06-12T13:44:15.456+0000][gc,heap       ] GC(34) Humongous regions: 133->133
[2023-06-12T13:44:15.456+0000][gc,metaspace  ] GC(34) Metaspace: 102320K->102320K(1142784K)
[2023-06-12T13:44:15.456+0000][gc            ] GC(34) Pause Young (Normal) (G1 Evacuation Pause) 315M->214M(1024M) 6.480ms
[2023-06-12T13:44:15.456+0000][gc,cpu        ] GC(34) User=0.03s Sys=0.02s Real=0.01s
[2023-06-12T13:45:30.834+0000][gc,start      ] GC(35) Pause Young (Normal) (G1 Evacuation Pause)
[2023-06-12T13:45:30.835+0000][gc,task       ] GC(35) Using 13 workers of 13 for evacuation
[2023-06-12T13:45:30.858+0000][gc,mmu        ] GC(35) MMU target violated: 21.0ms (20.0ms/21.0ms)
[2023-06-12T13:45:30.858+0000][gc,phases     ] GC(35)   Pre Evacuate Collection Set: 0.0ms
[2023-06-12T13:45:30.858+0000][gc,phases     ] GC(35)   Evacuate Collection Set: 22.0ms
[2023-06-12T13:45:30.858+0000][gc,phases     ] GC(35)   Post Evacuate Collection Set: 0.9ms
[2023-06-12T13:45:30.858+0000][gc,phases     ] GC(35)   Other: 0.5ms
[2023-06-12T13:45:30.858+0000][gc,heap       ] GC(35) Eden regions: 107->0(92)
[2023-06-12T13:45:30.858+0000][gc,heap       ] GC(35) Survivor regions: 8->9(15)
[2023-06-12T13:45:30.858+0000][gc,heap       ] GC(35) Old regions: 75->75
[2023-06-12T13:45:30.858+0000][gc,heap       ] GC(35) Humongous regions: 133->133
[2023-06-12T13:45:30.858+0000][gc,metaspace  ] GC(35) Metaspace: 102613K->102613K(1142784K)
[2023-06-12T13:45:30.858+0000][gc            ] GC(35) Pause Young (Normal) (G1 Evacuation Pause) 321M->216M(1024M) 23.591ms
[2023-06-12T13:45:30.858+0000][gc,cpu        ] GC(35) User=0.06s Sys=0.21s Real=0.02s
[2023-06-12T13:47:03.337+0000][gc,start      ] GC(36) Pause Young (Normal) (G1 Evacuation Pause)
[2023-06-12T13:47:03.337+0000][gc,task       ] GC(36) Using 13 workers of 13 for evacuation
[2023-06-12T13:47:03.351+0000][gc,phases     ] GC(36)   Pre Evacuate Collection Set: 0.0ms
[2023-06-12T13:47:03.352+0000][gc,phases     ] GC(36)   Evacuate Collection Set: 13.0ms
[2023-06-12T13:47:03.352+0000][gc,phases     ] GC(36)   Post Evacuate Collection Set: 0.9ms
[2023-06-12T13:47:03.352+0000][gc,phases     ] GC(36)   Other: 0.4ms
[2023-06-12T13:47:03.352+0000][gc,heap       ] GC(36) Eden regions: 91->0(97)
[2023-06-12T13:47:03.352+0000][gc,heap       ] GC(36) Survivor regions: 9->7(13)
[2023-06-12T13:47:03.352+0000][gc,heap       ] GC(36) Old regions: 75->78
[2023-06-12T13:47:03.352+0000][gc,heap       ] GC(36) Humongous regions: 133->133
[2023-06-12T13:47:03.352+0000][gc,metaspace  ] GC(36) Metaspace: 102657K->102657K(1142784K)
[2023-06-12T13:47:03.352+0000][gc            ] GC(36) Pause Young (Normal) (G1 Evacuation Pause) 307M->216M(1024M) 14.539ms
[2023-06-12T13:47:03.352+0000][gc,cpu        ] GC(36) User=0.08s Sys=0.09s Real=0.01s
[2023-06-12T13:48:25.117+0000][gc,start      ] GC(37) Pause Young (Normal) (G1 Evacuation Pause)
[2023-06-12T13:48:25.117+0000][gc,task       ] GC(37) Using 13 workers of 13 for evacuation
[2023-06-12T13:48:25.124+0000][gc,phases     ] GC(37)   Pre Evacuate Collection Set: 0.0ms
[2023-06-12T13:48:25.124+0000][gc,phases     ] GC(37)   Evacuate Collection Set: 6.0ms
[2023-06-12T13:48:25.124+0000][gc,phases     ] GC(37)   Post Evacuate Collection Set: 0.8ms
[2023-06-12T13:48:25.124+0000][gc,phases     ] GC(37)   Other: 0.4ms
[2023-06-12T13:48:25.124+0000][gc,heap       ] GC(37) Eden regions: 97->0(102)
[2023-06-12T13:48:25.124+0000][gc,heap       ] GC(37) Survivor regions: 7->10(13)
[2023-06-12T13:48:25.125+0000][gc,heap       ] GC(37) Old regions: 78->78
[2023-06-12T13:48:25.125+0000][gc,heap       ] GC(37) Humongous regions: 133->133
[2023-06-12T13:48:25.125+0000][gc,metaspace  ] GC(37) Metaspace: 102723K->102723K(1142784K)
[2023-06-12T13:48:25.125+0000][gc            ] GC(37) Pause Young (Normal) (G1 Evacuation Pause) 313M->219M(1024M) 7.433ms
[2023-06-12T13:48:25.125+0000][gc,cpu        ] GC(37) User=0.07s Sys=0.00s Real=0.01s
[2023-06-12T13:50:08.484+0000][gc,start      ] GC(38) Pause Young (Normal) (G1 Evacuation Pause)
[2023-06-12T13:50:08.484+0000][gc,task       ] GC(38) Using 13 workers of 13 for evacuation
[2023-06-12T13:50:08.495+0000][gc,phases     ] GC(38)   Pre Evacuate Collection Set: 0.0ms
[2023-06-12T13:50:08.495+0000][gc,phases     ] GC(38)   Evacuate Collection Set: 10.2ms
[2023-06-12T13:50:08.495+0000][gc,phases     ] GC(38)   Post Evacuate Collection Set: 0.5ms
[2023-06-12T13:50:08.495+0000][gc,phases     ] GC(38)   Other: 0.5ms
[2023-06-12T13:50:08.495+0000][gc,heap       ] GC(38) Eden regions: 102->0(112)
[2023-06-12T13:50:08.495+0000][gc,heap       ] GC(38) Survivor regions: 10->8(14)
[2023-06-12T13:50:08.495+0000][gc,heap       ] GC(38) Old regions: 78->80
[2023-06-12T13:50:08.495+0000][gc,heap       ] GC(38) Humongous regions: 133->133
[2023-06-12T13:50:08.495+0000][gc,metaspace  ] GC(38) Metaspace: 102810K->102810K(1142784K)
[2023-06-12T13:50:08.495+0000][gc            ] GC(38) Pause Young (Normal) (G1 Evacuation Pause) 321M->220M(1024M) 11.201ms
[2023-06-12T13:50:08.495+0000][gc,cpu        ] GC(38) User=0.07s Sys=0.07s Real=0.01s
[2023-06-12T13:51:31.118+0000][gc,start      ] GC(39) Pause Young (Normal) (G1 Evacuation Pause)
[2023-06-12T13:51:31.118+0000][gc,task       ] GC(39) Using 13 workers of 13 for evacuation
[2023-06-12T13:51:31.148+0000][gc,mmu        ] GC(39) MMU target violated: 21.0ms (20.0ms/21.0ms)
[2023-06-12T13:51:31.148+0000][gc,phases     ] GC(39)   Pre Evacuate Collection Set: 0.0ms
[2023-06-12T13:51:31.148+0000][gc,phases     ] GC(39)   Evacuate Collection Set: 28.8ms
[2023-06-12T13:51:31.149+0000][gc,phases     ] GC(39)   Post Evacuate Collection Set: 0.8ms
[2023-06-12T13:51:31.149+0000][gc,phases     ] GC(39)   Other: 0.5ms
[2023-06-12T13:51:31.149+0000][gc,heap       ] GC(39) Eden regions: 112->0(75)
[2023-06-12T13:51:31.149+0000][gc,heap       ] GC(39) Survivor regions: 8->13(15)
[2023-06-12T13:51:31.149+0000][gc,heap       ] GC(39) Old regions: 80->80
[2023-06-12T13:51:31.149+0000][gc,heap       ] GC(39) Humongous regions: 133->133
[2023-06-12T13:51:31.149+0000][gc,metaspace  ] GC(39) Metaspace: 102852K->102852K(1142784K)
[2023-06-12T13:51:31.149+0000][gc            ] GC(39) Pause Young (Normal) (G1 Evacuation Pause) 332M->224M(1024M) 30.247ms
[2023-06-12T13:51:31.149+0000][gc,cpu        ] GC(39) User=0.17s Sys=0.21s Real=0.03s
[2023-06-12T13:52:32.799+0000][gc,start      ] GC(40) Pause Young (Normal) (G1 Evacuation Pause)
[2023-06-12T13:52:32.799+0000][gc,task       ] GC(40) Using 13 workers of 13 for evacuation
[2023-06-12T13:52:32.828+0000][gc,mmu        ] GC(40) MMU target violated: 21.0ms (20.0ms/21.0ms)
[2023-06-12T13:52:32.828+0000][gc,phases     ] GC(40)   Pre Evacuate Collection Set: 0.0ms
[2023-06-12T13:52:32.828+0000][gc,phases     ] GC(40)   Evacuate Collection Set: 27.5ms
[2023-06-12T13:52:32.828+0000][gc,phases     ] GC(40)   Post Evacuate Collection Set: 0.7ms
[2023-06-12T13:52:32.828+0000][gc,phases     ] GC(40)   Other: 0.5ms
[2023-06-12T13:52:32.828+0000][gc,heap       ] GC(40) Eden regions: 73->0(107)
[2023-06-12T13:52:32.828+0000][gc,heap       ] GC(40) Survivor regions: 13->3(11)
[2023-06-12T13:52:32.828+0000][gc,heap       ] GC(40) Old regions: 80->88
[2023-06-12T13:52:32.828+0000][gc,heap       ] GC(40) Humongous regions: 133->133
[2023-06-12T13:52:32.828+0000][gc,metaspace  ] GC(40) Metaspace: 102888K->102888K(1142784K)
[2023-06-12T13:52:32.828+0000][gc            ] GC(40) Pause Young (Normal) (G1 Evacuation Pause) 297M->223M(1024M) 28.866ms
[2023-06-12T13:52:32.828+0000][gc,cpu        ] GC(40) User=0.16s Sys=0.18s Real=0.03s
[2023-06-12T13:54:25.049+0000][gc,start      ] GC(41) Pause Young (Normal) (G1 Evacuation Pause)
[2023-06-12T13:54:25.049+0000][gc,task       ] GC(41) Using 13 workers of 13 for evacuation
[2023-06-12T13:54:25.052+0000][gc,phases     ] GC(41)   Pre Evacuate Collection Set: 0.0ms
[2023-06-12T13:54:25.052+0000][gc,phases     ] GC(41)   Evacuate Collection Set: 2.8ms
[2023-06-12T13:54:25.052+0000][gc,phases     ] GC(41)   Post Evacuate Collection Set: 0.5ms
[2023-06-12T13:54:25.052+0000][gc,phases     ] GC(41)   Other: 0.2ms
[2023-06-12T13:54:25.052+0000][gc,heap       ] GC(41) Eden regions: 107->0(123)
[2023-06-12T13:54:25.052+0000][gc,heap       ] GC(41) Survivor regions: 3->5(14)
[2023-06-12T13:54:25.052+0000][gc,heap       ] GC(41) Old regions: 88->88
[2023-06-12T13:54:25.052+0000][gc,heap       ] GC(41) Humongous regions: 133->133
[2023-06-12T13:54:25.052+0000][gc,metaspace  ] GC(41) Metaspace: 102919K->102919K(1142784K)
[2023-06-12T13:54:25.052+0000][gc            ] GC(41) Pause Young (Normal) (G1 Evacuation Pause) 330M->225M(1024M) 3.761ms
[2023-06-12T13:54:25.052+0000][gc,cpu        ] GC(41) User=0.03s Sys=0.01s Real=0.00s
[2023-06-12T13:56:25.020+0000][gc,start      ] GC(42) Pause Young (Normal) (G1 Evacuation Pause)
[2023-06-12T13:56:25.020+0000][gc,task       ] GC(42) Using 13 workers of 13 for evacuation
[2023-06-12T13:56:25.026+0000][gc,phases     ] GC(42)   Pre Evacuate Collection Set: 0.0ms
[2023-06-12T13:56:25.026+0000][gc,phases     ] GC(42)   Evacuate Collection Set: 4.3ms
[2023-06-12T13:56:25.026+0000][gc,phases     ] GC(42)   Post Evacuate Collection Set: 0.8ms
[2023-06-12T13:56:25.026+0000][gc,phases     ] GC(42)   Other: 0.4ms
[2023-06-12T13:56:25.026+0000][gc,heap       ] GC(42) Eden regions: 122->0(133)
[2023-06-12T13:56:25.026+0000][gc,heap       ] GC(42) Survivor regions: 5->7(16)
[2023-06-12T13:56:25.026+0000][gc,heap       ] GC(42) Old regions: 88->88
[2023-06-12T13:56:25.026+0000][gc,heap       ] GC(42) Humongous regions: 133->133
[2023-06-12T13:56:25.026+0000][gc,metaspace  ] GC(42) Metaspace: 102944K->102944K(1142784K)
[2023-06-12T13:56:25.026+0000][gc            ] GC(42) Pause Young (Normal) (G1 Evacuation Pause) 347M->227M(1024M) 5.798ms
[2023-06-12T13:56:25.026+0000][gc,cpu        ] GC(42) User=0.05s Sys=0.01s Real=0.01s
[2023-06-12T13:58:25.010+0000][gc,start      ] GC(43) Pause Young (Normal) (G1 Evacuation Pause)
[2023-06-12T13:58:25.010+0000][gc,task       ] GC(43) Using 13 workers of 13 for evacuation
[2023-06-12T13:58:25.041+0000][gc,mmu        ] GC(43) MMU target violated: 21.0ms (20.0ms/21.0ms)
[2023-06-12T13:58:25.042+0000][gc,phases     ] GC(43)   Pre Evacuate Collection Set: 0.0ms
[2023-06-12T13:58:25.042+0000][gc,phases     ] GC(43)   Evacuate Collection Set: 30.7ms
[2023-06-12T13:58:25.042+0000][gc,phases     ] GC(43)   Post Evacuate Collection Set: 0.8ms
[2023-06-12T13:58:25.042+0000][gc,phases     ] GC(43)   Other: 0.5ms
[2023-06-12T13:58:25.042+0000][gc,heap       ] GC(43) Eden regions: 132->0(56)
[2023-06-12T13:58:25.042+0000][gc,heap       ] GC(43) Survivor regions: 7->9(18)
[2023-06-12T13:58:25.042+0000][gc,heap       ] GC(43) Old regions: 88->88
[2023-06-12T13:58:25.042+0000][gc,heap       ] GC(43) Humongous regions: 133->133
[2023-06-12T13:58:25.042+0000][gc,metaspace  ] GC(43) Metaspace: 102976K->102976K(1142784K)
[2023-06-12T13:58:25.042+0000][gc            ] GC(43) Pause Young (Normal) (G1 Evacuation Pause) 359M->229M(1024M) 32.142ms
[2023-06-12T13:58:25.042+0000][gc,cpu        ] GC(43) User=0.09s Sys=0.30s Real=0.03s
[2023-06-12T13:59:24.998+0000][gc,start      ] GC(44) Pause Young (Normal) (G1 Evacuation Pause)
[2023-06-12T13:59:24.998+0000][gc,task       ] GC(44) Using 13 workers of 13 for evacuation
[2023-06-12T13:59:25.015+0000][gc,phases     ] GC(44)   Pre Evacuate Collection Set: 0.0ms
[2023-06-12T13:59:25.015+0000][gc,phases     ] GC(44)   Evacuate Collection Set: 15.2ms
[2023-06-12T13:59:25.015+0000][gc,phases     ] GC(44)   Post Evacuate Collection Set: 0.7ms
[2023-06-12T13:59:25.015+0000][gc,phases     ] GC(44)   Other: 0.4ms
[2023-06-12T13:59:25.015+0000][gc,heap       ] GC(44) Eden regions: 54->0(98)
[2023-06-12T13:59:25.015+0000][gc,heap       ] GC(44) Survivor regions: 9->5(8)
[2023-06-12T13:59:25.015+0000][gc,heap       ] GC(44) Old regions: 88->93
[2023-06-12T13:59:25.015+0000][gc,heap       ] GC(44) Humongous regions: 133->133
[2023-06-12T13:59:25.015+0000][gc,metaspace  ] GC(44) Metaspace: 102985K->102985K(1142784K)
[2023-06-12T13:59:25.015+0000][gc            ] GC(44) Pause Young (Normal) (G1 Evacuation Pause) 283M->229M(1024M) 16.506ms
[2023-06-12T13:59:25.015+0000][gc,cpu        ] GC(44) User=0.03s Sys=0.17s Real=0.02s
[2023-06-12T14:00:31.109+0000][gc,start      ] GC(45) Pause Young (Normal) (G1 Evacuation Pause)
[2023-06-12T14:00:31.110+0000][gc,task       ] GC(45) Using 13 workers of 13 for evacuation
[2023-06-12T14:00:31.115+0000][gc,phases     ] GC(45)   Pre Evacuate Collection Set: 0.0ms
[2023-06-12T14:00:31.115+0000][gc,phases     ] GC(45)   Evacuate Collection Set: 4.3ms
[2023-06-12T14:00:31.115+0000][gc,phases     ] GC(45)   Post Evacuate Collection Set: 0.5ms
[2023-06-12T14:00:31.115+0000][gc,phases     ] GC(45)   Other: 0.3ms
[2023-06-12T14:00:31.115+0000][gc,heap       ] GC(45) Eden regions: 98->0(117)
[2023-06-12T14:00:31.115+0000][gc,heap       ] GC(45) Survivor regions: 5->7(13)
[2023-06-12T14:00:31.115+0000][gc,heap       ] GC(45) Old regions: 93->93
[2023-06-12T14:00:31.115+0000][gc,heap       ] GC(45) Humongous regions: 133->133
[2023-06-12T14:00:31.115+0000][gc,metaspace  ] GC(45) Metaspace: 103007K->103007K(1142784K)
[2023-06-12T14:00:31.115+0000][gc            ] GC(45) Pause Young (Normal) (G1 Evacuation Pause) 327M->231M(1024M) 5.254ms
[2023-06-12T14:00:31.115+0000][gc,cpu        ] GC(45) User=0.06s Sys=0.00s Real=0.01s
[2023-06-12T14:01:06.522+0000][gc,start      ] GC(46) Pause Young (Concurrent Start) (Metadata GC Threshold)
[2023-06-12T14:01:06.522+0000][gc,task       ] GC(46) Using 13 workers of 13 for evacuation
[2023-06-12T14:01:06.527+0000][gc,phases     ] GC(46)   Pre Evacuate Collection Set: 0.5ms
[2023-06-12T14:01:06.527+0000][gc,phases     ] GC(46)   Evacuate Collection Set: 3.8ms
[2023-06-12T14:01:06.527+0000][gc,phases     ] GC(46)   Post Evacuate Collection Set: 0.4ms
[2023-06-12T14:01:06.527+0000][gc,phases     ] GC(46)   Other: 0.4ms
[2023-06-12T14:01:06.527+0000][gc,heap       ] GC(46) Eden regions: 33->0(156)
[2023-06-12T14:01:06.527+0000][gc,heap       ] GC(46) Survivor regions: 7->8(16)
[2023-06-12T14:01:06.527+0000][gc,heap       ] GC(46) Old regions: 93->93
[2023-06-12T14:01:06.527+0000][gc,heap       ] GC(46) Humongous regions: 133->133
[2023-06-12T14:01:06.527+0000][gc,metaspace  ] GC(46) Metaspace: 103427K->103427K(1142784K)
[2023-06-12T14:01:06.527+0000][gc            ] GC(46) Pause Young (Concurrent Start) (Metadata GC Threshold) 263M->232M(1024M) 5.390ms
[2023-06-12T14:01:06.527+0000][gc,cpu        ] GC(46) User=0.05s Sys=0.00s Real=0.01s
[2023-06-12T14:01:06.528+0000][gc            ] GC(47) Concurrent Cycle
[2023-06-12T14:01:06.528+0000][gc,marking    ] GC(47) Concurrent Clear Claimed Marks
[2023-06-12T14:01:06.528+0000][gc,marking    ] GC(47) Concurrent Clear Claimed Marks 0.630ms
[2023-06-12T14:01:06.528+0000][gc,marking    ] GC(47) Concurrent Scan Root Regions
[2023-06-12T14:01:06.532+0000][gc,marking    ] GC(47) Concurrent Scan Root Regions 3.396ms
[2023-06-12T14:01:06.532+0000][gc,marking    ] GC(47) Concurrent Mark (1904.850s)
[2023-06-12T14:01:06.532+0000][gc,marking    ] GC(47) Concurrent Mark From Roots
[2023-06-12T14:01:06.532+0000][gc,task       ] GC(47) Using 3 workers of 3 for marking
[2023-06-12T14:01:06.559+0000][gc,marking    ] GC(47) Concurrent Mark From Roots 27.696ms
[2023-06-12T14:01:06.559+0000][gc,marking    ] GC(47) Concurrent Preclean
[2023-06-12T14:01:06.560+0000][gc,marking    ] GC(47) Concurrent Preclean 0.672ms
[2023-06-12T14:01:06.560+0000][gc,marking    ] GC(47) Concurrent Mark (1904.850s, 1904.879s) 28.465ms
[2023-06-12T14:01:06.560+0000][gc,start      ] GC(47) Pause Remark
[2023-06-12T14:01:06.573+0000][gc,stringtable] GC(47) Cleaned string and symbol table, strings: 39868 processed, 2572 removed, symbols: 250783 processed, 229 removed
[2023-06-12T14:01:06.574+0000][gc            ] GC(47) Pause Remark 234M->234M(1024M) 13.316ms
[2023-06-12T14:01:06.574+0000][gc,cpu        ] GC(47) User=0.13s Sys=0.00s Real=0.01s
[2023-06-12T14:01:06.574+0000][gc,marking    ] GC(47) Concurrent Rebuild Remembered Sets
[2023-06-12T14:01:06.594+0000][gc,marking    ] GC(47) Concurrent Rebuild Remembered Sets 19.671ms
[2023-06-12T14:01:06.594+0000][gc,start      ] GC(47) Pause Cleanup
[2023-06-12T14:01:06.594+0000][gc            ] GC(47) Pause Cleanup 234M->234M(1024M) 0.281ms
[2023-06-12T14:01:06.594+0000][gc,cpu        ] GC(47) User=0.00s Sys=0.00s Real=0.01s
[2023-06-12T14:01:06.594+0000][gc,marking    ] GC(47) Concurrent Cleanup for Next Mark
[2023-06-12T14:01:06.595+0000][gc,marking    ] GC(47) Concurrent Cleanup for Next Mark 1.234ms
[2023-06-12T14:01:06.595+0000][gc            ] GC(47) Concurrent Cycle 67.960ms
[2023-06-12T14:02:25.015+0000][gc,start      ] GC(48) Pause Young (Normal) (G1 Evacuation Pause)
[2023-06-12T14:02:25.015+0000][gc,task       ] GC(48) Using 13 workers of 13 for evacuation
[2023-06-12T14:02:25.026+0000][gc,phases     ] GC(48)   Pre Evacuate Collection Set: 0.0ms
[2023-06-12T14:02:25.026+0000][gc,phases     ] GC(48)   Evacuate Collection Set: 10.7ms
[2023-06-12T14:02:25.026+0000][gc,phases     ] GC(48)   Post Evacuate Collection Set: 0.5ms
[2023-06-12T14:02:25.027+0000][gc,phases     ] GC(48)   Other: 0.4ms
[2023-06-12T14:02:25.027+0000][gc,heap       ] GC(48) Eden regions: 81->0(218)
[2023-06-12T14:02:25.027+0000][gc,heap       ] GC(48) Survivor regions: 8->6(12)
[2023-06-12T14:02:25.027+0000][gc,heap       ] GC(48) Old regions: 93->95
[2023-06-12T14:02:25.027+0000][gc,heap       ] GC(48) Humongous regions: 133->133
[2023-06-12T14:02:25.027+0000][gc,metaspace  ] GC(48) Metaspace: 102988K->102988K(1142784K)
[2023-06-12T14:02:25.027+0000][gc            ] GC(48) Pause Young (Normal) (G1 Evacuation Pause) 313M->232M(1024M) 11.806ms
[2023-06-12T14:02:25.027+0000][gc,cpu        ] GC(48) User=0.09s Sys=0.04s Real=0.01s
[2023-06-12T14:05:33.339+0000][gc,start      ] GC(49) Pause Young (Normal) (G1 Evacuation Pause)
[2023-06-12T14:05:33.339+0000][gc,task       ] GC(49) Using 13 workers of 13 for evacuation
[2023-06-12T14:05:33.368+0000][gc,mmu        ] GC(49) MMU target violated: 21.0ms (20.0ms/21.0ms)
[2023-06-12T14:05:33.368+0000][gc,phases     ] GC(49)   Pre Evacuate Collection Set: 0.0ms
[2023-06-12T14:05:33.368+0000][gc,phases     ] GC(49)   Evacuate Collection Set: 27.7ms
[2023-06-12T14:05:33.368+0000][gc,phases     ] GC(49)   Post Evacuate Collection Set: 0.9ms
[2023-06-12T14:05:33.368+0000][gc,phases     ] GC(49)   Other: 0.5ms
[2023-06-12T14:05:33.368+0000][gc,heap       ] GC(49) Eden regions: 218->0(88)
[2023-06-12T14:05:33.368+0000][gc,heap       ] GC(49) Survivor regions: 6->8(28)
[2023-06-12T14:05:33.368+0000][gc,heap       ] GC(49) Old regions: 95->95
[2023-06-12T14:05:33.368+0000][gc,heap       ] GC(49) Humongous regions: 133->133
[2023-06-12T14:05:33.368+0000][gc,metaspace  ] GC(49) Metaspace: 103033K->103033K(1142784K)
[2023-06-12T14:05:33.368+0000][gc            ] GC(49) Pause Young (Normal) (G1 Evacuation Pause) 450M->234M(1024M) 29.286ms
[2023-06-12T14:05:33.368+0000][gc,cpu        ] GC(49) User=0.04s Sys=0.32s Real=0.03s
[2023-06-12T14:07:22.815+0000][gc,start      ] GC(50) Pause Young (Normal) (G1 Evacuation Pause)
[2023-06-12T14:07:22.815+0000][gc,task       ] GC(50) Using 13 workers of 13 for evacuation
[2023-06-12T14:07:22.823+0000][gc,phases     ] GC(50)   Pre Evacuate Collection Set: 0.1ms
[2023-06-12T14:07:22.823+0000][gc,phases     ] GC(50)   Evacuate Collection Set: 6.4ms
[2023-06-12T14:07:22.823+0000][gc,phases     ] GC(50)   Post Evacuate Collection Set: 0.8ms
[2023-06-12T14:07:22.823+0000][gc,phases     ] GC(50)   Other: 0.5ms
[2023-06-12T14:07:22.823+0000][gc,heap       ] GC(50) Eden regions: 88->0(98)
[2023-06-12T14:07:22.823+0000][gc,heap       ] GC(50) Survivor regions: 8->9(12)
[2023-06-12T14:07:22.823+0000][gc,heap       ] GC(50) Old regions: 95->96
[2023-06-12T14:07:22.823+0000][gc,heap       ] GC(50) Humongous regions: 133->133
[2023-06-12T14:07:22.823+0000][gc,metaspace  ] GC(50) Metaspace: 103037K->103037K(1142784K)
[2023-06-12T14:07:22.823+0000][gc            ] GC(50) Pause Young (Normal) (G1 Evacuation Pause) 322M->236M(1024M) 8.049ms
[2023-06-12T14:07:22.823+0000][gc,cpu        ] GC(50) User=0.08s Sys=0.01s Real=0.00s
[2023-06-12T14:08:40.949+0000][gc,start      ] GC(51) Pause Young (Normal) (G1 Evacuation Pause)
[2023-06-12T14:08:40.950+0000][gc,task       ] GC(51) Using 13 workers of 13 for evacuation
[2023-06-12T14:08:40.955+0000][gc,phases     ] GC(51)   Pre Evacuate Collection Set: 0.0ms
[2023-06-12T14:08:40.955+0000][gc,phases     ] GC(51)   Evacuate Collection Set: 4.3ms
[2023-06-12T14:08:40.955+0000][gc,phases     ] GC(51)   Post Evacuate Collection Set: 0.8ms
[2023-06-12T14:08:40.955+0000][gc,phases     ] GC(51)   Other: 0.4ms
[2023-06-12T14:08:40.955+0000][gc,heap       ] GC(51) Eden regions: 98->0(123)
[2023-06-12T14:08:40.955+0000][gc,heap       ] GC(51) Survivor regions: 9->8(14)
[2023-06-12T14:08:40.955+0000][gc,heap       ] GC(51) Old regions: 96->97
[2023-06-12T14:08:40.955+0000][gc,heap       ] GC(51) Humongous regions: 133->133
[2023-06-12T14:08:40.955+0000][gc,metaspace  ] GC(51) Metaspace: 103041K->103041K(1142784K)
[2023-06-12T14:08:40.955+0000][gc            ] GC(51) Pause Young (Normal) (G1 Evacuation Pause) 334M->237M(1024M) 5.665ms
[2023-06-12T14:08:40.955+0000][gc,cpu        ] GC(51) User=0.06s Sys=0.00s Real=0.01s
[2023-06-12T14:10:25.254+0000][gc,start      ] GC(52) Pause Young (Normal) (G1 Evacuation Pause)
[2023-06-12T14:10:25.255+0000][gc,task       ] GC(52) Using 13 workers of 13 for evacuation
[2023-06-12T14:10:25.261+0000][gc,phases     ] GC(52)   Pre Evacuate Collection Set: 0.0ms
[2023-06-12T14:10:25.261+0000][gc,phases     ] GC(52)   Evacuate Collection Set: 5.6ms
[2023-06-12T14:10:25.261+0000][gc,phases     ] GC(52)   Post Evacuate Collection Set: 0.8ms
[2023-06-12T14:10:25.261+0000][gc,phases     ] GC(52)   Other: 0.4ms
[2023-06-12T14:10:25.261+0000][gc,heap       ] GC(52) Eden regions: 123->0(152)
[2023-06-12T14:10:25.261+0000][gc,heap       ] GC(52) Survivor regions: 8->10(17)
[2023-06-12T14:10:25.261+0000][gc,heap       ] GC(52) Old regions: 97->97
[2023-06-12T14:10:25.261+0000][gc,heap       ] GC(52) Humongous regions: 133->133
[2023-06-12T14:10:25.261+0000][gc,metaspace  ] GC(52) Metaspace: 103063K->103063K(1142784K)
[2023-06-12T14:10:25.262+0000][gc            ] GC(52) Pause Young (Normal) (G1 Evacuation Pause) 360M->239M(1024M) 7.049ms
[2023-06-12T14:10:25.262+0000][gc,cpu        ] GC(52) User=0.07s Sys=0.00s Real=0.00s
[2023-06-12T14:13:24.988+0000][gc,start      ] GC(53) Pause Young (Normal) (G1 Evacuation Pause)
[2023-06-12T14:13:24.988+0000][gc,task       ] GC(53) Using 13 workers of 13 for evacuation
[2023-06-12T14:13:24.996+0000][gc,phases     ] GC(53)   Pre Evacuate Collection Set: 0.0ms
[2023-06-12T14:13:24.996+0000][gc,phases     ] GC(53)   Evacuate Collection Set: 6.4ms
[2023-06-12T14:13:24.996+0000][gc,phases     ] GC(53)   Post Evacuate Collection Set: 0.8ms
[2023-06-12T14:13:24.996+0000][gc,phases     ] GC(53)   Other: 0.4ms
[2023-06-12T14:13:24.996+0000][gc,heap       ] GC(53) Eden regions: 152->0(186)
[2023-06-12T14:13:24.996+0000][gc,heap       ] GC(53) Survivor regions: 10->12(21)
[2023-06-12T14:13:24.996+0000][gc,heap       ] GC(53) Old regions: 97->97
[2023-06-12T14:13:24.996+0000][gc,heap       ] GC(53) Humongous regions: 133->133
[2023-06-12T14:13:24.996+0000][gc,metaspace  ] GC(53) Metaspace: 103137K->103137K(1142784K)
[2023-06-12T14:13:24.996+0000][gc            ] GC(53) Pause Young (Normal) (G1 Evacuation Pause) 391M->241M(1024M) 7.939ms
[2023-06-12T14:13:24.996+0000][gc,cpu        ] GC(53) User=0.07s Sys=0.01s Real=0.01s
[2023-06-12T14:16:24.988+0000][gc,start      ] GC(54) Pause Young (Normal) (G1 Evacuation Pause)
[2023-06-12T14:16:24.988+0000][gc,task       ] GC(54) Using 13 workers of 13 for evacuation
[2023-06-12T14:16:24.996+0000][gc,phases     ] GC(54)   Pre Evacuate Collection Set: 0.0ms
[2023-06-12T14:16:24.996+0000][gc,phases     ] GC(54)   Evacuate Collection Set: 7.2ms
[2023-06-12T14:16:24.996+0000][gc,phases     ] GC(54)   Post Evacuate Collection Set: 0.8ms
[2023-06-12T14:16:24.996+0000][gc,phases     ] GC(54)   Other: 0.4ms
[2023-06-12T14:16:24.996+0000][gc,heap       ] GC(54) Eden regions: 186->0(230)
[2023-06-12T14:16:24.996+0000][gc,heap       ] GC(54) Survivor regions: 12->15(25)
[2023-06-12T14:16:24.996+0000][gc,heap       ] GC(54) Old regions: 97->97
[2023-06-12T14:16:24.996+0000][gc,heap       ] GC(54) Humongous regions: 133->133
[2023-06-12T14:16:24.996+0000][gc,metaspace  ] GC(54) Metaspace: 103146K->103146K(1142784K)
[2023-06-12T14:16:24.996+0000][gc            ] GC(54) Pause Young (Normal) (G1 Evacuation Pause) 427M->244M(1024M) 8.712ms
[2023-06-12T14:16:24.996+0000][gc,cpu        ] GC(54) User=0.07s Sys=0.02s Real=0.01s
[2023-06-12T14:19:30.807+0000][gc,start      ] GC(55) Pause Young (Normal) (G1 Evacuation Pause)
[2023-06-12T14:19:30.807+0000][gc,task       ] GC(55) Using 13 workers of 13 for evacuation
[2023-06-12T14:19:30.846+0000][gc,mmu        ] GC(55) MMU target violated: 21.0ms (20.0ms/21.0ms)
[2023-06-12T14:19:30.846+0000][gc,phases     ] GC(55)   Pre Evacuate Collection Set: 0.0ms
[2023-06-12T14:19:30.846+0000][gc,phases     ] GC(55)   Evacuate Collection Set: 37.1ms
[2023-06-12T14:19:30.846+0000][gc,phases     ] GC(55)   Post Evacuate Collection Set: 1.1ms
[2023-06-12T14:19:30.846+0000][gc,phases     ] GC(55)   Other: 0.6ms
[2023-06-12T14:19:30.846+0000][gc,heap       ] GC(55) Eden regions: 230->0(50)
[2023-06-12T14:19:30.846+0000][gc,heap       ] GC(55) Survivor regions: 15->16(31)
[2023-06-12T14:19:30.846+0000][gc,heap       ] GC(55) Old regions: 97->97
[2023-06-12T14:19:30.846+0000][gc,heap       ] GC(55) Humongous regions: 133->133
[2023-06-12T14:19:30.846+0000][gc,metaspace  ] GC(55) Metaspace: 103218K->103218K(1142784K)
[2023-06-12T14:19:30.846+0000][gc            ] GC(55) Pause Young (Normal) (G1 Evacuation Pause) 474M->245M(1024M) 38.948ms
[2023-06-12T14:19:30.846+0000][gc,cpu        ] GC(55) User=0.16s Sys=0.33s Real=0.04s
[2023-06-12T14:20:25.044+0000][gc,start      ] GC(56) Pause Young (Normal) (G1 Evacuation Pause)
[2023-06-12T14:20:25.044+0000][gc,task       ] GC(56) Using 13 workers of 13 for evacuation
[2023-06-12T14:20:25.083+0000][gc,mmu        ] GC(56) MMU target violated: 21.0ms (20.0ms/21.0ms)
[2023-06-12T14:20:25.083+0000][gc,phases     ] GC(56)   Pre Evacuate Collection Set: 0.0ms
[2023-06-12T14:20:25.083+0000][gc,phases     ] GC(56)   Evacuate Collection Set: 38.0ms
[2023-06-12T14:20:25.083+0000][gc,phases     ] GC(56)   Post Evacuate Collection Set: 0.7ms
[2023-06-12T14:20:25.083+0000][gc,phases     ] GC(56)   Other: 0.5ms
[2023-06-12T14:20:25.083+0000][gc,heap       ] GC(56) Eden regions: 50->0(97)
[2023-06-12T14:20:25.083+0000][gc,heap       ] GC(56) Survivor regions: 16->7(9)
[2023-06-12T14:20:25.083+0000][gc,heap       ] GC(56) Old regions: 97->109
[2023-06-12T14:20:25.083+0000][gc,heap       ] GC(56) Humongous regions: 133->133
[2023-06-12T14:20:25.083+0000][gc,metaspace  ] GC(56) Metaspace: 103223K->103223K(1142784K)
[2023-06-12T14:20:25.083+0000][gc            ] GC(56) Pause Young (Normal) (G1 Evacuation Pause) 295M->247M(1024M) 39.386ms
[2023-06-12T14:20:25.083+0000][gc,cpu        ] GC(56) User=0.05s Sys=0.45s Real=0.04s
[2023-06-12T14:22:06.494+0000][gc,start      ] GC(57) Pause Young (Normal) (G1 Evacuation Pause)
[2023-06-12T14:22:06.494+0000][gc,task       ] GC(57) Using 13 workers of 13 for evacuation
[2023-06-12T14:22:06.499+0000][gc,phases     ] GC(57)   Pre Evacuate Collection Set: 0.0ms
[2023-06-12T14:22:06.499+0000][gc,phases     ] GC(57)   Evacuate Collection Set: 3.9ms
[2023-06-12T14:22:06.499+0000][gc,phases     ] GC(57)   Post Evacuate Collection Set: 0.5ms
[2023-06-12T14:22:06.499+0000][gc,phases     ] GC(57)   Other: 0.3ms
[2023-06-12T14:22:06.499+0000][gc,heap       ] GC(57) Eden regions: 97->0(155)
[2023-06-12T14:22:06.499+0000][gc,heap       ] GC(57) Survivor regions: 7->7(13)
[2023-06-12T14:22:06.499+0000][gc,heap       ] GC(57) Old regions: 109->109
[2023-06-12T14:22:06.499+0000][gc,heap       ] GC(57) Humongous regions: 133->133
[2023-06-12T14:22:06.499+0000][gc,metaspace  ] GC(57) Metaspace: 103237K->103237K(1142784K)
[2023-06-12T14:22:06.499+0000][gc            ] GC(57) Pause Young (Normal) (G1 Evacuation Pause) 344M->247M(1024M) 4.912ms
[2023-06-12T14:22:06.499+0000][gc,cpu        ] GC(57) User=0.05s Sys=0.00s Real=0.00s
[2023-06-12T14:24:25.265+0000][gc,start      ] GC(58) Pause Young (Normal) (G1 Evacuation Pause)
[2023-06-12T14:24:25.265+0000][gc,task       ] GC(58) Using 13 workers of 13 for evacuation
[2023-06-12T14:24:25.272+0000][gc,phases     ] GC(58)   Pre Evacuate Collection Set: 0.0ms
[2023-06-12T14:24:25.272+0000][gc,phases     ] GC(58)   Evacuate Collection Set: 5.4ms
[2023-06-12T14:24:25.272+0000][gc,phases     ] GC(58)   Post Evacuate Collection Set: 0.8ms
[2023-06-12T14:24:25.272+0000][gc,phases     ] GC(58)   Other: 0.4ms
[2023-06-12T14:24:25.272+0000][gc,heap       ] GC(58) Eden regions: 155->0(208)
[2023-06-12T14:24:25.272+0000][gc,heap       ] GC(58) Survivor regions: 7->8(21)
[2023-06-12T14:24:25.272+0000][gc,heap       ] GC(58) Old regions: 109->109
[2023-06-12T14:24:25.272+0000][gc,heap       ] GC(58) Humongous regions: 133->133
[2023-06-12T14:24:25.272+0000][gc,metaspace  ] GC(58) Metaspace: 103249K->103249K(1142784K)
[2023-06-12T14:24:25.272+0000][gc            ] GC(58) Pause Young (Normal) (G1 Evacuation Pause) 402M->249M(1024M) 6.960ms
[2023-06-12T14:24:25.272+0000][gc,cpu        ] GC(58) User=0.06s Sys=0.01s Real=0.00s
[2023-06-12T14:27:31.133+0000][gc,start      ] GC(59) Pause Young (Normal) (G1 Evacuation Pause)
[2023-06-12T14:27:31.133+0000][gc,task       ] GC(59) Using 13 workers of 13 for evacuation
[2023-06-12T14:27:31.140+0000][gc,phases     ] GC(59)   Pre Evacuate Collection Set: 0.0ms
[2023-06-12T14:27:31.141+0000][gc,phases     ] GC(59)   Evacuate Collection Set: 6.8ms
[2023-06-12T14:27:31.141+0000][gc,phases     ] GC(59)   Post Evacuate Collection Set: 0.6ms
[2023-06-12T14:27:31.141+0000][gc,phases     ] GC(59)   Other: 0.4ms
[2023-06-12T14:27:31.141+0000][gc,heap       ] GC(59) Eden regions: 208->0(211)
[2023-06-12T14:27:31.141+0000][gc,heap       ] GC(59) Survivor regions: 8->13(27)
[2023-06-12T14:27:31.141+0000][gc,heap       ] GC(59) Old regions: 109->109
[2023-06-12T14:27:31.141+0000][gc,heap       ] GC(59) Humongous regions: 133->133
[2023-06-12T14:27:31.141+0000][gc,metaspace  ] GC(59) Metaspace: 103356K->103356K(1142784K)
[2023-06-12T14:27:31.141+0000][gc            ] GC(59) Pause Young (Normal) (G1 Evacuation Pause) 457M->254M(1024M) 7.826ms
[2023-06-12T14:27:31.141+0000][gc,cpu        ] GC(59) User=0.08s Sys=0.01s Real=0.01s
[2023-06-12T14:27:35.470+0000][gc,start      ] GC(60) Pause Young (Normal) (G1 Evacuation Pause)
[2023-06-12T14:27:35.470+0000][gc,task       ] GC(60) Using 13 workers of 13 for evacuation
[2023-06-12T14:27:35.486+0000][gc,phases     ] GC(60)   Pre Evacuate Collection Set: 0.0ms
[2023-06-12T14:27:35.486+0000][gc,phases     ] GC(60)   Evacuate Collection Set: 14.8ms
[2023-06-12T14:27:35.486+0000][gc,phases     ] GC(60)   Post Evacuate Collection Set: 0.6ms
[2023-06-12T14:27:35.486+0000][gc,phases     ] GC(60)   Other: 0.2ms
[2023-06-12T14:27:35.486+0000][gc,heap       ] GC(60) Eden regions: 129->0(209)
[2023-06-12T14:27:35.486+0000][gc,heap       ] GC(60) Survivor regions: 13->9(18)
[2023-06-12T14:27:35.486+0000][gc,heap       ] GC(60) Old regions: 109->112
[2023-06-12T14:27:35.486+0000][gc,heap       ] GC(60) Humongous regions: 133->133
[2023-06-12T14:27:35.486+0000][gc,metaspace  ] GC(60) Metaspace: 104597K->104597K(1144832K)
[2023-06-12T14:27:35.486+0000][gc            ] GC(60) Pause Young (Normal) (G1 Evacuation Pause) 383M->253M(1024M) 15.745ms
[2023-06-12T14:27:35.486+0000][gc,cpu        ] GC(60) User=0.06s Sys=0.14s Real=0.02s
